Archive member included to satisfy reference by file (symbol)

c:/program files (x86)/atmel/studio/7.0/toolchain/avr8/avr8-gnu-toolchain/bin/../lib/gcc/avr/5.4.0/../../../../avr/lib/avr5\libm.a(divsf3.o)
                              hc-sr04.o (__divsf3)
c:/program files (x86)/atmel/studio/7.0/toolchain/avr8/avr8-gnu-toolchain/bin/../lib/gcc/avr/5.4.0/../../../../avr/lib/avr5\libm.a(divsf3x.o)
                              c:/program files (x86)/atmel/studio/7.0/toolchain/avr8/avr8-gnu-toolchain/bin/../lib/gcc/avr/5.4.0/../../../../avr/lib/avr5\libm.a(divsf3.o) (__divsf3x)
c:/program files (x86)/atmel/studio/7.0/toolchain/avr8/avr8-gnu-toolchain/bin/../lib/gcc/avr/5.4.0/../../../../avr/lib/avr5\libm.a(fixsfsi.o)
                              hc-sr04.o (__fixsfsi)
c:/program files (x86)/atmel/studio/7.0/toolchain/avr8/avr8-gnu-toolchain/bin/../lib/gcc/avr/5.4.0/../../../../avr/lib/avr5\libm.a(fixunssfsi.o)
                              c:/program files (x86)/atmel/studio/7.0/toolchain/avr8/avr8-gnu-toolchain/bin/../lib/gcc/avr/5.4.0/../../../../avr/lib/avr5\libm.a(fixsfsi.o) (__fixunssfsi)
c:/program files (x86)/atmel/studio/7.0/toolchain/avr8/avr8-gnu-toolchain/bin/../lib/gcc/avr/5.4.0/../../../../avr/lib/avr5\libm.a(floatsisf.o)
                              hc-sr04.o (__floatunsisf)
c:/program files (x86)/atmel/studio/7.0/toolchain/avr8/avr8-gnu-toolchain/bin/../lib/gcc/avr/5.4.0/../../../../avr/lib/avr5\libm.a(fp_inf.o)
                              c:/program files (x86)/atmel/studio/7.0/toolchain/avr8/avr8-gnu-toolchain/bin/../lib/gcc/avr/5.4.0/../../../../avr/lib/avr5\libm.a(divsf3x.o) (__fp_inf)
c:/program files (x86)/atmel/studio/7.0/toolchain/avr8/avr8-gnu-toolchain/bin/../lib/gcc/avr/5.4.0/../../../../avr/lib/avr5\libm.a(fp_nan.o)
                              c:/program files (x86)/atmel/studio/7.0/toolchain/avr8/avr8-gnu-toolchain/bin/../lib/gcc/avr/5.4.0/../../../../avr/lib/avr5\libm.a(divsf3x.o) (__fp_nan)
c:/program files (x86)/atmel/studio/7.0/toolchain/avr8/avr8-gnu-toolchain/bin/../lib/gcc/avr/5.4.0/../../../../avr/lib/avr5\libm.a(fp_pscA.o)
                              c:/program files (x86)/atmel/studio/7.0/toolchain/avr8/avr8-gnu-toolchain/bin/../lib/gcc/avr/5.4.0/../../../../avr/lib/avr5\libm.a(divsf3x.o) (__fp_pscA)
c:/program files (x86)/atmel/studio/7.0/toolchain/avr8/avr8-gnu-toolchain/bin/../lib/gcc/avr/5.4.0/../../../../avr/lib/avr5\libm.a(fp_pscB.o)
                              c:/program files (x86)/atmel/studio/7.0/toolchain/avr8/avr8-gnu-toolchain/bin/../lib/gcc/avr/5.4.0/../../../../avr/lib/avr5\libm.a(divsf3x.o) (__fp_pscB)
c:/program files (x86)/atmel/studio/7.0/toolchain/avr8/avr8-gnu-toolchain/bin/../lib/gcc/avr/5.4.0/../../../../avr/lib/avr5\libm.a(fp_round.o)
                              c:/program files (x86)/atmel/studio/7.0/toolchain/avr8/avr8-gnu-toolchain/bin/../lib/gcc/avr/5.4.0/../../../../avr/lib/avr5\libm.a(divsf3.o) (__fp_round)
c:/program files (x86)/atmel/studio/7.0/toolchain/avr8/avr8-gnu-toolchain/bin/../lib/gcc/avr/5.4.0/../../../../avr/lib/avr5\libm.a(fp_split3.o)
                              c:/program files (x86)/atmel/studio/7.0/toolchain/avr8/avr8-gnu-toolchain/bin/../lib/gcc/avr/5.4.0/../../../../avr/lib/avr5\libm.a(divsf3x.o) (__fp_split3)
c:/program files (x86)/atmel/studio/7.0/toolchain/avr8/avr8-gnu-toolchain/bin/../lib/gcc/avr/5.4.0/../../../../avr/lib/avr5\libm.a(fp_zero.o)
                              c:/program files (x86)/atmel/studio/7.0/toolchain/avr8/avr8-gnu-toolchain/bin/../lib/gcc/avr/5.4.0/../../../../avr/lib/avr5\libm.a(fixunssfsi.o) (__fp_zero)
c:/program files (x86)/atmel/studio/7.0/toolchain/avr8/avr8-gnu-toolchain/bin/../lib/gcc/avr/5.4.0/../../../../avr/lib/avr5\libm.a(mulsf3.o)
                              hc-sr04.o (__mulsf3)
c:/program files (x86)/atmel/studio/7.0/toolchain/avr8/avr8-gnu-toolchain/bin/../lib/gcc/avr/5.4.0/../../../../avr/lib/avr5\libm.a(mulsf3x.o)
                              c:/program files (x86)/atmel/studio/7.0/toolchain/avr8/avr8-gnu-toolchain/bin/../lib/gcc/avr/5.4.0/../../../../avr/lib/avr5\libm.a(mulsf3.o) (__mulsf3x)
c:/program files (x86)/atmel/studio/7.0/toolchain/avr8/avr8-gnu-toolchain/bin/../lib/gcc/avr/5.4.0/avr5\libgcc.a(_divmodhi4.o)
                              Master node.o (__divmodhi4)
c:/program files (x86)/atmel/studio/7.0/toolchain/avr8/avr8-gnu-toolchain/bin/../lib/gcc/avr/5.4.0/avr5\libgcc.a(_exit.o)
                              c:/program files (x86)/atmel/studio/7.0/toolchain/avr8/avr8-gnu-toolchain/bin/../lib/gcc/avr/5.4.0/../../../../avr/lib/avr5/crtatmega328p.o (exit)
c:/program files (x86)/atmel/studio/7.0/toolchain/avr8/avr8-gnu-toolchain/bin/../lib/gcc/avr/5.4.0/avr5\libgcc.a(_copy_data.o)
                              Master node.o (__do_copy_data)
c:/program files (x86)/atmel/studio/7.0/toolchain/avr8/avr8-gnu-toolchain/bin/../lib/gcc/avr/5.4.0/avr5\libgcc.a(_clear_bss.o)
                              hc-sr04.o (__do_clear_bss)
c:/program files (x86)/atmel/studio/7.0/toolchain/avr8/avr8-gnu-toolchain/bin/../lib/gcc/avr/5.4.0/avr5\libgcc.a(_udivmodhi4.o)
                              c:/program files (x86)/atmel/studio/7.0/toolchain/avr8/avr8-gnu-toolchain/bin/../lib/gcc/avr/5.4.0/avr5\libgcc.a(_divmodhi4.o) (__udivmodhi4)
c:/program files (x86)/atmel/studio/7.0/toolchain/avr8/avr8-gnu-toolchain/bin/../lib/gcc/avr/5.4.0/../../../../avr/lib/avr5\libc.a(memcpy.o)
                              Source/queue.o (memcpy)

Allocating common symbols
Common symbol       size              file

on_off_Handle       0x2               Master node.o
adc_Handle          0x2               Master node.o
falling             0x2               hc-sr04.o
dist                0x4               hc-sr04.o
i2c_Handle          0x2               Master node.o
xQueue              0x2               Master node.o
us_per_count        0x2               hc-sr04.o
ultr_Handle         0x2               Master node.o
counts              0x2               hc-sr04.o
rising              0x2               hc-sr04.o

Discarded input sections

 .data          0x00000000        0x0 c:/program files (x86)/atmel/studio/7.0/toolchain/avr8/avr8-gnu-toolchain/bin/../lib/gcc/avr/5.4.0/../../../../avr/lib/avr5/crtatmega328p.o
 .bss           0x00000000        0x0 c:/program files (x86)/atmel/studio/7.0/toolchain/avr8/avr8-gnu-toolchain/bin/../lib/gcc/avr/5.4.0/../../../../avr/lib/avr5/crtatmega328p.o
 .text          0x00000000        0x0 ADC.o
 .data          0x00000000        0x0 ADC.o
 .bss           0x00000000        0x0 ADC.o
 .text          0x00000000        0x0 hc-sr04.o
 .data          0x00000000        0x0 hc-sr04.o
 .bss           0x00000000        0x0 hc-sr04.o
 .text          0x00000000        0x0 I2C.o
 .data          0x00000000        0x0 I2C.o
 .bss           0x00000000        0x0 I2C.o
 .text.i2c_initSlave
                0x00000000       0x12 I2C.o
 .text.i2c_send
                0x00000000       0x16 I2C.o
 .text.i2c_listen
                0x00000000        0xc I2C.o
 .text.i2c_read
                0x00000000       0x16 I2C.o
 .text.i2c_stop
                0x00000000        0x8 I2C.o
 .text          0x00000000        0x0 Master node.o
 .data          0x00000000        0x0 Master node.o
 .bss           0x00000000        0x0 Master node.o
 .text          0x00000000        0x0 Source/croutine.o
 .data          0x00000000        0x0 Source/croutine.o
 .bss           0x00000000        0x0 Source/croutine.o
 .text.xCoRoutineCreate
                0x00000000       0xf0 Source/croutine.o
 .text.vCoRoutineAddToDelayedList
                0x00000000       0x86 Source/croutine.o
 .text.vCoRoutineSchedule
                0x00000000      0x274 Source/croutine.o
 .text.xCoRoutineRemoveFromEventList
                0x00000000       0x4a Source/croutine.o
 .bss.xPassedTicks
                0x00000000        0x2 Source/croutine.o
 .bss.xLastTickCount
                0x00000000        0x2 Source/croutine.o
 .bss.xCoRoutineTickCount
                0x00000000        0x2 Source/croutine.o
 .bss.uxTopCoRoutineReadyPriority
                0x00000000        0x1 Source/croutine.o
 .bss.pxCurrentCoRoutine
                0x00000000        0x2 Source/croutine.o
 .bss.xPendingReadyCoRoutineList
                0x00000000        0x9 Source/croutine.o
 .bss.pxOverflowDelayedCoRoutineList
                0x00000000        0x2 Source/croutine.o
 .bss.pxDelayedCoRoutineList
                0x00000000        0x2 Source/croutine.o
 .bss.xDelayedCoRoutineList2
                0x00000000        0x9 Source/croutine.o
 .bss.xDelayedCoRoutineList1
                0x00000000        0x9 Source/croutine.o
 .bss.pxReadyCoRoutineLists
                0x00000000       0x12 Source/croutine.o
 .debug_info    0x00000000      0x77d Source/croutine.o
 .debug_abbrev  0x00000000      0x22b Source/croutine.o
 .debug_loc     0x00000000      0x3eb Source/croutine.o
 .debug_aranges
                0x00000000       0x38 Source/croutine.o
 .debug_ranges  0x00000000       0x28 Source/croutine.o
 .debug_line    0x00000000      0x348 Source/croutine.o
 .debug_str     0x00000000      0x555 Source/croutine.o
 .comment       0x00000000       0x31 Source/croutine.o
 .debug_frame   0x00000000       0xc0 Source/croutine.o
 .text          0x00000000        0x0 Source/event_groups.o
 .data          0x00000000        0x0 Source/event_groups.o
 .bss           0x00000000        0x0 Source/event_groups.o
 .text.xEventGroupCreate
                0x00000000       0x26 Source/event_groups.o
 .text.xEventGroupWaitBits
                0x00000000      0x110 Source/event_groups.o
 .text.xEventGroupClearBits
                0x00000000       0x1e Source/event_groups.o
 .text.xEventGroupGetBitsFromISR
                0x00000000        0x8 Source/event_groups.o
 .text.xEventGroupSetBits
                0x00000000       0xdc Source/event_groups.o
 .text.xEventGroupSync
                0x00000000       0xd2 Source/event_groups.o
 .text.vEventGroupDelete
                0x00000000       0x32 Source/event_groups.o
 .text.vEventGroupSetBitsCallback
                0x00000000        0x8 Source/event_groups.o
 .text.vEventGroupClearBitsCallback
                0x00000000        0x8 Source/event_groups.o
 .debug_info    0x00000000      0x8ed Source/event_groups.o
 .debug_abbrev  0x00000000      0x205 Source/event_groups.o
 .debug_loc     0x00000000      0xb40 Source/event_groups.o
 .debug_aranges
                0x00000000       0x60 Source/event_groups.o
 .debug_ranges  0x00000000       0x68 Source/event_groups.o
 .debug_line    0x00000000      0x3d3 Source/event_groups.o
 .debug_str     0x00000000      0x5a5 Source/event_groups.o
 .comment       0x00000000       0x31 Source/event_groups.o
 .debug_frame   0x00000000      0x158 Source/event_groups.o
 .text          0x00000000        0x0 Source/list.o
 .data          0x00000000        0x0 Source/list.o
 .bss           0x00000000        0x0 Source/list.o
 .text          0x00000000        0x0 Source/portable/GCC/Atmega328p/port.o
 .data          0x00000000        0x0 Source/portable/GCC/Atmega328p/port.o
 .bss           0x00000000        0x0 Source/portable/GCC/Atmega328p/port.o
 .text.vPortEndScheduler
                0x00000000        0x2 Source/portable/GCC/Atmega328p/port.o
 .text          0x00000000        0x0 Source/portable/MemMang/heap_2.o
 .data          0x00000000        0x0 Source/portable/MemMang/heap_2.o
 .bss           0x00000000        0x0 Source/portable/MemMang/heap_2.o
 .text.xPortGetFreeHeapSize
                0x00000000        0xa Source/portable/MemMang/heap_2.o
 .text.vPortInitialiseBlocks
                0x00000000        0x2 Source/portable/MemMang/heap_2.o
 .text          0x00000000        0x0 Source/queue.o
 .data          0x00000000        0x0 Source/queue.o
 .bss           0x00000000        0x0 Source/queue.o
 .text.xQueueGenericReset
                0x00000000       0x7a Source/queue.o
 .text.xQueueGenericCreate
                0x00000000       0x58 Source/queue.o
 .text.xQueueGetMutexHolder
                0x00000000       0x20 Source/queue.o
 .text.xQueueCreateMutex
                0x00000000       0x58 Source/queue.o
 .text.xQueueGiveFromISR
                0x00000000       0x56 Source/queue.o
 .text.xQueueReceiveFromISR
                0x00000000       0x66 Source/queue.o
 .text.xQueuePeekFromISR
                0x00000000       0x2e Source/queue.o
 .text.uxQueueSpacesAvailable
                0x00000000       0x14 Source/queue.o
 .text.uxQueueMessagesWaitingFromISR
                0x00000000        0x6 Source/queue.o
 .text.vQueueDelete
                0x00000000        0x6 Source/queue.o
 .text.xQueueIsQueueEmptyFromISR
                0x00000000        0xc Source/queue.o
 .text.xQueueIsQueueFullFromISR
                0x00000000        0xe Source/queue.o
 .text.xQueueCRSend
                0x00000000       0x72 Source/queue.o
 .text.xQueueCRReceive
                0x00000000       0x92 Source/queue.o
 .text.xQueueCRSendFromISR
                0x00000000       0x48 Source/queue.o
 .text.xQueueCRReceiveFromISR
                0x00000000       0x82 Source/queue.o
 .text          0x00000000        0x0 Source/tasks.o
 .data          0x00000000        0x0 Source/tasks.o
 .bss           0x00000000        0x0 Source/tasks.o
 .text.vTaskDelete
                0x00000000       0x8e Source/tasks.o
 .text.eTaskGetState
                0x00000000       0x6e Source/tasks.o
 .text.uxTaskPriorityGet
                0x00000000       0x1c Source/tasks.o
 .text.uxTaskPriorityGetFromISR
                0x00000000       0x12 Source/tasks.o
 .text.vTaskPrioritySet
                0x00000000       0xfa Source/tasks.o
 .text.vTaskEndScheduler
                0x00000000        0xc Source/tasks.o
 .text.xTaskGetTickCount
                0x00000000       0x14 Source/tasks.o
 .text.xTaskGetTickCountFromISR
                0x00000000        0xa Source/tasks.o
 .text.uxTaskGetNumberOfTasks
                0x00000000        0x6 Source/tasks.o
 .text.pcTaskGetTaskName
                0x00000000       0x10 Source/tasks.o
 .text.xTaskGetIdleTaskHandle
                0x00000000        0xa Source/tasks.o
 .text.vTaskDelayUntil
                0x00000000       0x84 Source/tasks.o
 .text.vTaskPlaceOnUnorderedEventList
                0x00000000       0x66 Source/tasks.o
 .text.xTaskRemoveFromUnorderedEventList
                0x00000000       0x74 Source/tasks.o
 .text.xTaskGetCurrentTaskHandle
                0x00000000        0xa Source/tasks.o
 .text.xTaskGetSchedulerState
                0x00000000       0x1c Source/tasks.o
 .text.uxTaskResetEventItemValue
                0x00000000       0x2e Source/tasks.o
 .text.ulTaskNotifyTake
                0x00000000       0xec Source/tasks.o
 .text.xTaskNotifyWait
                0x00000000      0x13e Source/tasks.o
 .text.xTaskGenericNotify
                0x00000000       0xfc Source/tasks.o
 .text.xTaskNotifyFromISR
                0x00000000      0x110 Source/tasks.o
 .text.vTaskNotifyGiveFromISR
                0x00000000       0xae Source/tasks.o
 .text.pcGetTaskName
                0x00000000        0xc Source/tasks.o
 .text          0x00000000        0x0 Source/timers.o
 .data          0x00000000        0x0 Source/timers.o
 .bss           0x00000000        0x0 Source/timers.o
 .debug_info    0x00000000       0x64 Source/timers.o
 .debug_abbrev  0x00000000       0x26 Source/timers.o
 .debug_aranges
                0x00000000       0x18 Source/timers.o
 .debug_line    0x00000000       0x1a Source/timers.o
 .debug_str     0x00000000      0x189 Source/timers.o
 .comment       0x00000000       0x31 Source/timers.o
 .text          0x00000000        0x0 Source/WInterrupts.o
 .data          0x00000000        0x0 Source/WInterrupts.o
 .bss           0x00000000        0x0 Source/WInterrupts.o
 .text.detachInterrupt
                0x00000000       0x26 Source/WInterrupts.o
 .text          0x00000000        0x0 USART/USART.o
 .data          0x00000000        0x0 USART/USART.o
 .bss           0x00000000        0x0 USART/USART.o
 .text.USART_receive
                0x00000000       0x10 USART/USART.o
 .text          0x00000000        0x0 c:/program files (x86)/atmel/studio/7.0/toolchain/avr8/avr8-gnu-toolchain/bin/../lib/gcc/avr/5.4.0/../../../../avr/lib/avr5\libm.a(divsf3.o)
 .data          0x00000000        0x0 c:/program files (x86)/atmel/studio/7.0/toolchain/avr8/avr8-gnu-toolchain/bin/../lib/gcc/avr/5.4.0/../../../../avr/lib/avr5\libm.a(divsf3.o)
 .bss           0x00000000        0x0 c:/program files (x86)/atmel/studio/7.0/toolchain/avr8/avr8-gnu-toolchain/bin/../lib/gcc/avr/5.4.0/../../../../avr/lib/avr5\libm.a(divsf3.o)
 .text          0x00000000        0x0 c:/program files (x86)/atmel/studio/7.0/toolchain/avr8/avr8-gnu-toolchain/bin/../lib/gcc/avr/5.4.0/../../../../avr/lib/avr5\libm.a(divsf3x.o)
 .data          0x00000000        0x0 c:/program files (x86)/atmel/studio/7.0/toolchain/avr8/avr8-gnu-toolchain/bin/../lib/gcc/avr/5.4.0/../../../../avr/lib/avr5\libm.a(divsf3x.o)
 .bss           0x00000000        0x0 c:/program files (x86)/atmel/studio/7.0/toolchain/avr8/avr8-gnu-toolchain/bin/../lib/gcc/avr/5.4.0/../../../../avr/lib/avr5\libm.a(divsf3x.o)
 .text          0x00000000        0x0 c:/program files (x86)/atmel/studio/7.0/toolchain/avr8/avr8-gnu-toolchain/bin/../lib/gcc/avr/5.4.0/../../../../avr/lib/avr5\libm.a(fixsfsi.o)
 .data          0x00000000        0x0 c:/program files (x86)/atmel/studio/7.0/toolchain/avr8/avr8-gnu-toolchain/bin/../lib/gcc/avr/5.4.0/../../../../avr/lib/avr5\libm.a(fixsfsi.o)
 .bss           0x00000000        0x0 c:/program files (x86)/atmel/studio/7.0/toolchain/avr8/avr8-gnu-toolchain/bin/../lib/gcc/avr/5.4.0/../../../../avr/lib/avr5\libm.a(fixsfsi.o)
 .text          0x00000000        0x0 c:/program files (x86)/atmel/studio/7.0/toolchain/avr8/avr8-gnu-toolchain/bin/../lib/gcc/avr/5.4.0/../../../../avr/lib/avr5\libm.a(fixunssfsi.o)
 .data          0x00000000        0x0 c:/program files (x86)/atmel/studio/7.0/toolchain/avr8/avr8-gnu-toolchain/bin/../lib/gcc/avr/5.4.0/../../../../avr/lib/avr5\libm.a(fixunssfsi.o)
 .bss           0x00000000        0x0 c:/program files (x86)/atmel/studio/7.0/toolchain/avr8/avr8-gnu-toolchain/bin/../lib/gcc/avr/5.4.0/../../../../avr/lib/avr5\libm.a(fixunssfsi.o)
 .text          0x00000000        0x0 c:/program files (x86)/atmel/studio/7.0/toolchain/avr8/avr8-gnu-toolchain/bin/../lib/gcc/avr/5.4.0/../../../../avr/lib/avr5\libm.a(floatsisf.o)
 .data          0x00000000        0x0 c:/program files (x86)/atmel/studio/7.0/toolchain/avr8/avr8-gnu-toolchain/bin/../lib/gcc/avr/5.4.0/../../../../avr/lib/avr5\libm.a(floatsisf.o)
 .bss           0x00000000        0x0 c:/program files (x86)/atmel/studio/7.0/toolchain/avr8/avr8-gnu-toolchain/bin/../lib/gcc/avr/5.4.0/../../../../avr/lib/avr5\libm.a(floatsisf.o)
 .text          0x00000000        0x0 c:/program files (x86)/atmel/studio/7.0/toolchain/avr8/avr8-gnu-toolchain/bin/../lib/gcc/avr/5.4.0/../../../../avr/lib/avr5\libm.a(fp_inf.o)
 .data          0x00000000        0x0 c:/program files (x86)/atmel/studio/7.0/toolchain/avr8/avr8-gnu-toolchain/bin/../lib/gcc/avr/5.4.0/../../../../avr/lib/avr5\libm.a(fp_inf.o)
 .bss           0x00000000        0x0 c:/program files (x86)/atmel/studio/7.0/toolchain/avr8/avr8-gnu-toolchain/bin/../lib/gcc/avr/5.4.0/../../../../avr/lib/avr5\libm.a(fp_inf.o)
 .text          0x00000000        0x0 c:/program files (x86)/atmel/studio/7.0/toolchain/avr8/avr8-gnu-toolchain/bin/../lib/gcc/avr/5.4.0/../../../../avr/lib/avr5\libm.a(fp_nan.o)
 .data          0x00000000        0x0 c:/program files (x86)/atmel/studio/7.0/toolchain/avr8/avr8-gnu-toolchain/bin/../lib/gcc/avr/5.4.0/../../../../avr/lib/avr5\libm.a(fp_nan.o)
 .bss           0x00000000        0x0 c:/program files (x86)/atmel/studio/7.0/toolchain/avr8/avr8-gnu-toolchain/bin/../lib/gcc/avr/5.4.0/../../../../avr/lib/avr5\libm.a(fp_nan.o)
 .text          0x00000000        0x0 c:/program files (x86)/atmel/studio/7.0/toolchain/avr8/avr8-gnu-toolchain/bin/../lib/gcc/avr/5.4.0/../../../../avr/lib/avr5\libm.a(fp_pscA.o)
 .data          0x00000000        0x0 c:/program files (x86)/atmel/studio/7.0/toolchain/avr8/avr8-gnu-toolchain/bin/../lib/gcc/avr/5.4.0/../../../../avr/lib/avr5\libm.a(fp_pscA.o)
 .bss           0x00000000        0x0 c:/program files (x86)/atmel/studio/7.0/toolchain/avr8/avr8-gnu-toolchain/bin/../lib/gcc/avr/5.4.0/../../../../avr/lib/avr5\libm.a(fp_pscA.o)
 .text          0x00000000        0x0 c:/program files (x86)/atmel/studio/7.0/toolchain/avr8/avr8-gnu-toolchain/bin/../lib/gcc/avr/5.4.0/../../../../avr/lib/avr5\libm.a(fp_pscB.o)
 .data          0x00000000        0x0 c:/program files (x86)/atmel/studio/7.0/toolchain/avr8/avr8-gnu-toolchain/bin/../lib/gcc/avr/5.4.0/../../../../avr/lib/avr5\libm.a(fp_pscB.o)
 .bss           0x00000000        0x0 c:/program files (x86)/atmel/studio/7.0/toolchain/avr8/avr8-gnu-toolchain/bin/../lib/gcc/avr/5.4.0/../../../../avr/lib/avr5\libm.a(fp_pscB.o)
 .text          0x00000000        0x0 c:/program files (x86)/atmel/studio/7.0/toolchain/avr8/avr8-gnu-toolchain/bin/../lib/gcc/avr/5.4.0/../../../../avr/lib/avr5\libm.a(fp_round.o)
 .data          0x00000000        0x0 c:/program files (x86)/atmel/studio/7.0/toolchain/avr8/avr8-gnu-toolchain/bin/../lib/gcc/avr/5.4.0/../../../../avr/lib/avr5\libm.a(fp_round.o)
 .bss           0x00000000        0x0 c:/program files (x86)/atmel/studio/7.0/toolchain/avr8/avr8-gnu-toolchain/bin/../lib/gcc/avr/5.4.0/../../../../avr/lib/avr5\libm.a(fp_round.o)
 .text          0x00000000        0x0 c:/program files (x86)/atmel/studio/7.0/toolchain/avr8/avr8-gnu-toolchain/bin/../lib/gcc/avr/5.4.0/../../../../avr/lib/avr5\libm.a(fp_split3.o)
 .data          0x00000000        0x0 c:/program files (x86)/atmel/studio/7.0/toolchain/avr8/avr8-gnu-toolchain/bin/../lib/gcc/avr/5.4.0/../../../../avr/lib/avr5\libm.a(fp_split3.o)
 .bss           0x00000000        0x0 c:/program files (x86)/atmel/studio/7.0/toolchain/avr8/avr8-gnu-toolchain/bin/../lib/gcc/avr/5.4.0/../../../../avr/lib/avr5\libm.a(fp_split3.o)
 .text          0x00000000        0x0 c:/program files (x86)/atmel/studio/7.0/toolchain/avr8/avr8-gnu-toolchain/bin/../lib/gcc/avr/5.4.0/../../../../avr/lib/avr5\libm.a(fp_zero.o)
 .data          0x00000000        0x0 c:/program files (x86)/atmel/studio/7.0/toolchain/avr8/avr8-gnu-toolchain/bin/../lib/gcc/avr/5.4.0/../../../../avr/lib/avr5\libm.a(fp_zero.o)
 .bss           0x00000000        0x0 c:/program files (x86)/atmel/studio/7.0/toolchain/avr8/avr8-gnu-toolchain/bin/../lib/gcc/avr/5.4.0/../../../../avr/lib/avr5\libm.a(fp_zero.o)
 .text          0x00000000        0x0 c:/program files (x86)/atmel/studio/7.0/toolchain/avr8/avr8-gnu-toolchain/bin/../lib/gcc/avr/5.4.0/../../../../avr/lib/avr5\libm.a(mulsf3.o)
 .data          0x00000000        0x0 c:/program files (x86)/atmel/studio/7.0/toolchain/avr8/avr8-gnu-toolchain/bin/../lib/gcc/avr/5.4.0/../../../../avr/lib/avr5\libm.a(mulsf3.o)
 .bss           0x00000000        0x0 c:/program files (x86)/atmel/studio/7.0/toolchain/avr8/avr8-gnu-toolchain/bin/../lib/gcc/avr/5.4.0/../../../../avr/lib/avr5\libm.a(mulsf3.o)
 .text          0x00000000        0x0 c:/program files (x86)/atmel/studio/7.0/toolchain/avr8/avr8-gnu-toolchain/bin/../lib/gcc/avr/5.4.0/../../../../avr/lib/avr5\libm.a(mulsf3x.o)
 .data          0x00000000        0x0 c:/program files (x86)/atmel/studio/7.0/toolchain/avr8/avr8-gnu-toolchain/bin/../lib/gcc/avr/5.4.0/../../../../avr/lib/avr5\libm.a(mulsf3x.o)
 .bss           0x00000000        0x0 c:/program files (x86)/atmel/studio/7.0/toolchain/avr8/avr8-gnu-toolchain/bin/../lib/gcc/avr/5.4.0/../../../../avr/lib/avr5\libm.a(mulsf3x.o)
 .text          0x00000000        0x0 c:/program files (x86)/atmel/studio/7.0/toolchain/avr8/avr8-gnu-toolchain/bin/../lib/gcc/avr/5.4.0/avr5\libgcc.a(_divmodhi4.o)
 .data          0x00000000        0x0 c:/program files (x86)/atmel/studio/7.0/toolchain/avr8/avr8-gnu-toolchain/bin/../lib/gcc/avr/5.4.0/avr5\libgcc.a(_divmodhi4.o)
 .bss           0x00000000        0x0 c:/program files (x86)/atmel/studio/7.0/toolchain/avr8/avr8-gnu-toolchain/bin/../lib/gcc/avr/5.4.0/avr5\libgcc.a(_divmodhi4.o)
 .text.libgcc.mul
                0x00000000        0x0 c:/program files (x86)/atmel/studio/7.0/toolchain/avr8/avr8-gnu-toolchain/bin/../lib/gcc/avr/5.4.0/avr5\libgcc.a(_divmodhi4.o)
 .text.libgcc   0x00000000        0x0 c:/program files (x86)/atmel/studio/7.0/toolchain/avr8/avr8-gnu-toolchain/bin/../lib/gcc/avr/5.4.0/avr5\libgcc.a(_divmodhi4.o)
 .text.libgcc.prologue
                0x00000000        0x0 c:/program files (x86)/atmel/studio/7.0/toolchain/avr8/avr8-gnu-toolchain/bin/../lib/gcc/avr/5.4.0/avr5\libgcc.a(_divmodhi4.o)
 .text.libgcc.builtins
                0x00000000        0x0 c:/program files (x86)/atmel/studio/7.0/toolchain/avr8/avr8-gnu-toolchain/bin/../lib/gcc/avr/5.4.0/avr5\libgcc.a(_divmodhi4.o)
 .text.libgcc.fmul
                0x00000000        0x0 c:/program files (x86)/atmel/studio/7.0/toolchain/avr8/avr8-gnu-toolchain/bin/../lib/gcc/avr/5.4.0/avr5\libgcc.a(_divmodhi4.o)
 .text.libgcc.fixed
                0x00000000        0x0 c:/program files (x86)/atmel/studio/7.0/toolchain/avr8/avr8-gnu-toolchain/bin/../lib/gcc/avr/5.4.0/avr5\libgcc.a(_divmodhi4.o)
 .text          0x00000000        0x0 c:/program files (x86)/atmel/studio/7.0/toolchain/avr8/avr8-gnu-toolchain/bin/../lib/gcc/avr/5.4.0/avr5\libgcc.a(_exit.o)
 .data          0x00000000        0x0 c:/program files (x86)/atmel/studio/7.0/toolchain/avr8/avr8-gnu-toolchain/bin/../lib/gcc/avr/5.4.0/avr5\libgcc.a(_exit.o)
 .bss           0x00000000        0x0 c:/program files (x86)/atmel/studio/7.0/toolchain/avr8/avr8-gnu-toolchain/bin/../lib/gcc/avr/5.4.0/avr5\libgcc.a(_exit.o)
 .text.libgcc.mul
                0x00000000        0x0 c:/program files (x86)/atmel/studio/7.0/toolchain/avr8/avr8-gnu-toolchain/bin/../lib/gcc/avr/5.4.0/avr5\libgcc.a(_exit.o)
 .text.libgcc.div
                0x00000000        0x0 c:/program files (x86)/atmel/studio/7.0/toolchain/avr8/avr8-gnu-toolchain/bin/../lib/gcc/avr/5.4.0/avr5\libgcc.a(_exit.o)
 .text.libgcc   0x00000000        0x0 c:/program files (x86)/atmel/studio/7.0/toolchain/avr8/avr8-gnu-toolchain/bin/../lib/gcc/avr/5.4.0/avr5\libgcc.a(_exit.o)
 .text.libgcc.prologue
                0x00000000        0x0 c:/program files (x86)/atmel/studio/7.0/toolchain/avr8/avr8-gnu-toolchain/bin/../lib/gcc/avr/5.4.0/avr5\libgcc.a(_exit.o)
 .text.libgcc.builtins
                0x00000000        0x0 c:/program files (x86)/atmel/studio/7.0/toolchain/avr8/avr8-gnu-toolchain/bin/../lib/gcc/avr/5.4.0/avr5\libgcc.a(_exit.o)
 .text.libgcc.fmul
                0x00000000        0x0 c:/program files (x86)/atmel/studio/7.0/toolchain/avr8/avr8-gnu-toolchain/bin/../lib/gcc/avr/5.4.0/avr5\libgcc.a(_exit.o)
 .text.libgcc.fixed
                0x00000000        0x0 c:/program files (x86)/atmel/studio/7.0/toolchain/avr8/avr8-gnu-toolchain/bin/../lib/gcc/avr/5.4.0/avr5\libgcc.a(_exit.o)
 .text          0x00000000        0x0 c:/program files (x86)/atmel/studio/7.0/toolchain/avr8/avr8-gnu-toolchain/bin/../lib/gcc/avr/5.4.0/avr5\libgcc.a(_copy_data.o)
 .data          0x00000000        0x0 c:/program files (x86)/atmel/studio/7.0/toolchain/avr8/avr8-gnu-toolchain/bin/../lib/gcc/avr/5.4.0/avr5\libgcc.a(_copy_data.o)
 .bss           0x00000000        0x0 c:/program files (x86)/atmel/studio/7.0/toolchain/avr8/avr8-gnu-toolchain/bin/../lib/gcc/avr/5.4.0/avr5\libgcc.a(_copy_data.o)
 .text.libgcc.mul
                0x00000000        0x0 c:/program files (x86)/atmel/studio/7.0/toolchain/avr8/avr8-gnu-toolchain/bin/../lib/gcc/avr/5.4.0/avr5\libgcc.a(_copy_data.o)
 .text.libgcc.div
                0x00000000        0x0 c:/program files (x86)/atmel/studio/7.0/toolchain/avr8/avr8-gnu-toolchain/bin/../lib/gcc/avr/5.4.0/avr5\libgcc.a(_copy_data.o)
 .text.libgcc   0x00000000        0x0 c:/program files (x86)/atmel/studio/7.0/toolchain/avr8/avr8-gnu-toolchain/bin/../lib/gcc/avr/5.4.0/avr5\libgcc.a(_copy_data.o)
 .text.libgcc.prologue
                0x00000000        0x0 c:/program files (x86)/atmel/studio/7.0/toolchain/avr8/avr8-gnu-toolchain/bin/../lib/gcc/avr/5.4.0/avr5\libgcc.a(_copy_data.o)
 .text.libgcc.builtins
                0x00000000        0x0 c:/program files (x86)/atmel/studio/7.0/toolchain/avr8/avr8-gnu-toolchain/bin/../lib/gcc/avr/5.4.0/avr5\libgcc.a(_copy_data.o)
 .text.libgcc.fmul
                0x00000000        0x0 c:/program files (x86)/atmel/studio/7.0/toolchain/avr8/avr8-gnu-toolchain/bin/../lib/gcc/avr/5.4.0/avr5\libgcc.a(_copy_data.o)
 .text.libgcc.fixed
                0x00000000        0x0 c:/program files (x86)/atmel/studio/7.0/toolchain/avr8/avr8-gnu-toolchain/bin/../lib/gcc/avr/5.4.0/avr5\libgcc.a(_copy_data.o)
 .text          0x00000000        0x0 c:/program files (x86)/atmel/studio/7.0/toolchain/avr8/avr8-gnu-toolchain/bin/../lib/gcc/avr/5.4.0/avr5\libgcc.a(_clear_bss.o)
 .data          0x00000000        0x0 c:/program files (x86)/atmel/studio/7.0/toolchain/avr8/avr8-gnu-toolchain/bin/../lib/gcc/avr/5.4.0/avr5\libgcc.a(_clear_bss.o)
 .bss           0x00000000        0x0 c:/program files (x86)/atmel/studio/7.0/toolchain/avr8/avr8-gnu-toolchain/bin/../lib/gcc/avr/5.4.0/avr5\libgcc.a(_clear_bss.o)
 .text.libgcc.mul
                0x00000000        0x0 c:/program files (x86)/atmel/studio/7.0/toolchain/avr8/avr8-gnu-toolchain/bin/../lib/gcc/avr/5.4.0/avr5\libgcc.a(_clear_bss.o)
 .text.libgcc.div
                0x00000000        0x0 c:/program files (x86)/atmel/studio/7.0/toolchain/avr8/avr8-gnu-toolchain/bin/../lib/gcc/avr/5.4.0/avr5\libgcc.a(_clear_bss.o)
 .text.libgcc   0x00000000        0x0 c:/program files (x86)/atmel/studio/7.0/toolchain/avr8/avr8-gnu-toolchain/bin/../lib/gcc/avr/5.4.0/avr5\libgcc.a(_clear_bss.o)
 .text.libgcc.prologue
                0x00000000        0x0 c:/program files (x86)/atmel/studio/7.0/toolchain/avr8/avr8-gnu-toolchain/bin/../lib/gcc/avr/5.4.0/avr5\libgcc.a(_clear_bss.o)
 .text.libgcc.builtins
                0x00000000        0x0 c:/program files (x86)/atmel/studio/7.0/toolchain/avr8/avr8-gnu-toolchain/bin/../lib/gcc/avr/5.4.0/avr5\libgcc.a(_clear_bss.o)
 .text.libgcc.fmul
                0x00000000        0x0 c:/program files (x86)/atmel/studio/7.0/toolchain/avr8/avr8-gnu-toolchain/bin/../lib/gcc/avr/5.4.0/avr5\libgcc.a(_clear_bss.o)
 .text.libgcc.fixed
                0x00000000        0x0 c:/program files (x86)/atmel/studio/7.0/toolchain/avr8/avr8-gnu-toolchain/bin/../lib/gcc/avr/5.4.0/avr5\libgcc.a(_clear_bss.o)
 .text          0x00000000        0x0 c:/program files (x86)/atmel/studio/7.0/toolchain/avr8/avr8-gnu-toolchain/bin/../lib/gcc/avr/5.4.0/avr5\libgcc.a(_udivmodhi4.o)
 .data          0x00000000        0x0 c:/program files (x86)/atmel/studio/7.0/toolchain/avr8/avr8-gnu-toolchain/bin/../lib/gcc/avr/5.4.0/avr5\libgcc.a(_udivmodhi4.o)
 .bss           0x00000000        0x0 c:/program files (x86)/atmel/studio/7.0/toolchain/avr8/avr8-gnu-toolchain/bin/../lib/gcc/avr/5.4.0/avr5\libgcc.a(_udivmodhi4.o)
 .text.libgcc.mul
                0x00000000        0x0 c:/program files (x86)/atmel/studio/7.0/toolchain/avr8/avr8-gnu-toolchain/bin/../lib/gcc/avr/5.4.0/avr5\libgcc.a(_udivmodhi4.o)
 .text.libgcc   0x00000000        0x0 c:/program files (x86)/atmel/studio/7.0/toolchain/avr8/avr8-gnu-toolchain/bin/../lib/gcc/avr/5.4.0/avr5\libgcc.a(_udivmodhi4.o)
 .text.libgcc.prologue
                0x00000000        0x0 c:/program files (x86)/atmel/studio/7.0/toolchain/avr8/avr8-gnu-toolchain/bin/../lib/gcc/avr/5.4.0/avr5\libgcc.a(_udivmodhi4.o)
 .text.libgcc.builtins
                0x00000000        0x0 c:/program files (x86)/atmel/studio/7.0/toolchain/avr8/avr8-gnu-toolchain/bin/../lib/gcc/avr/5.4.0/avr5\libgcc.a(_udivmodhi4.o)
 .text.libgcc.fmul
                0x00000000        0x0 c:/program files (x86)/atmel/studio/7.0/toolchain/avr8/avr8-gnu-toolchain/bin/../lib/gcc/avr/5.4.0/avr5\libgcc.a(_udivmodhi4.o)
 .text.libgcc.fixed
                0x00000000        0x0 c:/program files (x86)/atmel/studio/7.0/toolchain/avr8/avr8-gnu-toolchain/bin/../lib/gcc/avr/5.4.0/avr5\libgcc.a(_udivmodhi4.o)
 .text          0x00000000        0x0 c:/program files (x86)/atmel/studio/7.0/toolchain/avr8/avr8-gnu-toolchain/bin/../lib/gcc/avr/5.4.0/../../../../avr/lib/avr5\libc.a(memcpy.o)
 .data          0x00000000        0x0 c:/program files (x86)/atmel/studio/7.0/toolchain/avr8/avr8-gnu-toolchain/bin/../lib/gcc/avr/5.4.0/../../../../avr/lib/avr5\libc.a(memcpy.o)
 .bss           0x00000000        0x0 c:/program files (x86)/atmel/studio/7.0/toolchain/avr8/avr8-gnu-toolchain/bin/../lib/gcc/avr/5.4.0/../../../../avr/lib/avr5\libc.a(memcpy.o)

Memory Configuration

Name             Origin             Length             Attributes
text             0x00000000         0x00020000         xr
data             0x00800060         0x0000ffa0         rw !x
eeprom           0x00810000         0x00010000         rw !x
fuse             0x00820000         0x00000003         rw !x
lock             0x00830000         0x00000400         rw !x
signature        0x00840000         0x00000400         rw !x
user_signatures  0x00850000         0x00000400         rw !x
*default*        0x00000000         0xffffffff

Linker script and memory map

Address of section .data set to 0x800100
LOAD c:/program files (x86)/atmel/studio/7.0/toolchain/avr8/avr8-gnu-toolchain/bin/../lib/gcc/avr/5.4.0/../../../../avr/lib/avr5/crtatmega328p.o
LOAD ADC.o
LOAD hc-sr04.o
LOAD I2C.o
LOAD Master node.o
LOAD Source/croutine.o
LOAD Source/event_groups.o
LOAD Source/list.o
LOAD Source/portable/GCC/Atmega328p/port.o
LOAD Source/portable/MemMang/heap_2.o
LOAD Source/queue.o
LOAD Source/tasks.o
LOAD Source/timers.o
LOAD Source/WInterrupts.o
LOAD USART/USART.o
START GROUP
LOAD c:/program files (x86)/atmel/studio/7.0/toolchain/avr8/avr8-gnu-toolchain/bin/../lib/gcc/avr/5.4.0/../../../../avr/lib/avr5\libm.a
END GROUP
START GROUP
LOAD c:/program files (x86)/atmel/studio/7.0/toolchain/avr8/avr8-gnu-toolchain/bin/../lib/gcc/avr/5.4.0/avr5\libgcc.a
LOAD c:/program files (x86)/atmel/studio/7.0/toolchain/avr8/avr8-gnu-toolchain/bin/../lib/gcc/avr/5.4.0/../../../../avr/lib/avr5\libm.a
LOAD c:/program files (x86)/atmel/studio/7.0/toolchain/avr8/avr8-gnu-toolchain/bin/../lib/gcc/avr/5.4.0/../../../../avr/lib/avr5\libc.a
LOAD c:/program files (x86)/atmel/studio/7.0/toolchain/avr8/avr8-gnu-toolchain/bin/../lib/gcc/avr/5.4.0/../../../../avr/lib/avr5\libatmega328p.a
END GROUP
                0x00020000                __TEXT_REGION_LENGTH__ = DEFINED (__TEXT_REGION_LENGTH__)?__TEXT_REGION_LENGTH__:0x20000
                0x0000ffa0                __DATA_REGION_LENGTH__ = DEFINED (__DATA_REGION_LENGTH__)?__DATA_REGION_LENGTH__:0xffa0
                0x00010000                __EEPROM_REGION_LENGTH__ = DEFINED (__EEPROM_REGION_LENGTH__)?__EEPROM_REGION_LENGTH__:0x10000
                [0x00000003]                __FUSE_REGION_LENGTH__ = DEFINED (__FUSE_REGION_LENGTH__)?__FUSE_REGION_LENGTH__:0x400
                0x00000400                __LOCK_REGION_LENGTH__ = DEFINED (__LOCK_REGION_LENGTH__)?__LOCK_REGION_LENGTH__:0x400
                0x00000400                __SIGNATURE_REGION_LENGTH__ = DEFINED (__SIGNATURE_REGION_LENGTH__)?__SIGNATURE_REGION_LENGTH__:0x400
                0x00000400                __USER_SIGNATURE_REGION_LENGTH__ = DEFINED (__USER_SIGNATURE_REGION_LENGTH__)?__USER_SIGNATURE_REGION_LENGTH__:0x400

.hash
 *(.hash)

.dynsym
 *(.dynsym)

.dynstr
 *(.dynstr)

.gnu.version
 *(.gnu.version)

.gnu.version_d
 *(.gnu.version_d)

.gnu.version_r
 *(.gnu.version_r)

.rel.init
 *(.rel.init)

.rela.init
 *(.rela.init)

.rel.text
 *(.rel.text)
 *(.rel.text.*)
 *(.rel.gnu.linkonce.t*)

.rela.text
 *(.rela.text)
 *(.rela.text.*)
 *(.rela.gnu.linkonce.t*)

.rel.fini
 *(.rel.fini)

.rela.fini
 *(.rela.fini)

.rel.rodata
 *(.rel.rodata)
 *(.rel.rodata.*)
 *(.rel.gnu.linkonce.r*)

.rela.rodata
 *(.rela.rodata)
 *(.rela.rodata.*)
 *(.rela.gnu.linkonce.r*)

.rel.data
 *(.rel.data)
 *(.rel.data.*)
 *(.rel.gnu.linkonce.d*)

.rela.data
 *(.rela.data)
 *(.rela.data.*)
 *(.rela.gnu.linkonce.d*)

.rel.ctors
 *(.rel.ctors)

.rela.ctors
 *(.rela.ctors)

.rel.dtors
 *(.rel.dtors)

.rela.dtors
 *(.rela.dtors)

.rel.got
 *(.rel.got)

.rela.got
 *(.rela.got)

.rel.bss
 *(.rel.bss)

.rela.bss
 *(.rela.bss)

.rel.plt
 *(.rel.plt)

.rela.plt
 *(.rela.plt)

.text           0x00000000     0x204c
 *(.vectors)
 .vectors       0x00000000       0x68 c:/program files (x86)/atmel/studio/7.0/toolchain/avr8/avr8-gnu-toolchain/bin/../lib/gcc/avr/5.4.0/../../../../avr/lib/avr5/crtatmega328p.o
                0x00000000                __vector_default
                0x00000000                __vectors
 *(.vectors)
 *(.progmem.gcc*)
                0x00000068                . = ALIGN (0x2)
                0x00000068                __trampolines_start = .
 *(.trampolines)
 .trampolines   0x00000068        0x0 linker stubs
 *(.trampolines*)
                0x00000068                __trampolines_end = .
 *libprintf_flt.a:*(.progmem.data)
 *libc.a:*(.progmem.data)
 *(.progmem*)
                0x00000068                . = ALIGN (0x2)
 *(.jumptables)
 *(.jumptables*)
 *(.lowtext)
 *(.lowtext*)
                0x00000068                __ctors_start = .
 *(.ctors)
                0x00000068                __ctors_end = .
                0x00000068                __dtors_start = .
 *(.dtors)
                0x00000068                __dtors_end = .
 SORT(*)(.ctors)
 SORT(*)(.dtors)
 *(.init0)
 .init0         0x00000068        0x0 c:/program files (x86)/atmel/studio/7.0/toolchain/avr8/avr8-gnu-toolchain/bin/../lib/gcc/avr/5.4.0/../../../../avr/lib/avr5/crtatmega328p.o
                0x00000068                __init
 *(.init0)
 *(.init1)
 *(.init1)
 *(.init2)
 .init2         0x00000068        0xc c:/program files (x86)/atmel/studio/7.0/toolchain/avr8/avr8-gnu-toolchain/bin/../lib/gcc/avr/5.4.0/../../../../avr/lib/avr5/crtatmega328p.o
 *(.init2)
 *(.init3)
 *(.init3)
 *(.init4)
 .init4         0x00000074       0x16 c:/program files (x86)/atmel/studio/7.0/toolchain/avr8/avr8-gnu-toolchain/bin/../lib/gcc/avr/5.4.0/avr5\libgcc.a(_copy_data.o)
                0x00000074                __do_copy_data
 .init4         0x0000008a       0x10 c:/program files (x86)/atmel/studio/7.0/toolchain/avr8/avr8-gnu-toolchain/bin/../lib/gcc/avr/5.4.0/avr5\libgcc.a(_clear_bss.o)
                0x0000008a                __do_clear_bss
 *(.init4)
 *(.init5)
 *(.init5)
 *(.init6)
 *(.init6)
 *(.init7)
 *(.init7)
 *(.init8)
 *(.init8)
 *(.init9)
 .init9         0x0000009a        0x8 c:/program files (x86)/atmel/studio/7.0/toolchain/avr8/avr8-gnu-toolchain/bin/../lib/gcc/avr/5.4.0/../../../../avr/lib/avr5/crtatmega328p.o
 *(.init9)
 *(.text)
 .text          0x000000a2        0x4 c:/program files (x86)/atmel/studio/7.0/toolchain/avr8/avr8-gnu-toolchain/bin/../lib/gcc/avr/5.4.0/../../../../avr/lib/avr5/crtatmega328p.o
                0x000000a2                __vector_22
                0x000000a2                __vector_24
                0x000000a2                __bad_interrupt
                0x000000a2                __vector_6
                0x000000a2                __vector_3
                0x000000a2                __vector_23
                0x000000a2                __vector_25
                0x000000a2                __vector_13
                0x000000a2                __vector_17
                0x000000a2                __vector_19
                0x000000a2                __vector_7
                0x000000a2                __vector_5
                0x000000a2                __vector_4
                0x000000a2                __vector_9
                0x000000a2                __vector_21
                0x000000a2                __vector_15
                0x000000a2                __vector_8
                0x000000a2                __vector_14
                0x000000a2                __vector_16
                0x000000a2                __vector_18
                0x000000a2                __vector_20
                0x000000a6                . = ALIGN (0x2)
 *(.text.*)
 .text.INIT_ADC
                0x000000a6       0x1c ADC.o
                0x000000a6                INIT_ADC
 .text.Analog_Read
                0x000000c2       0x24 ADC.o
                0x000000c2                Analog_Read
 .text.__vector_12
                0x000000e6       0x30 hc-sr04.o
                0x000000e6                __vector_12
 .text.__vector_10
                0x00000116      0x104 hc-sr04.o
                0x00000116                __vector_10
 .text.init_ultrasonic_sensor
                0x0000021a       0x44 hc-sr04.o
                0x0000021a                init_ultrasonic_sensor
 .text.read_dist
                0x0000025e       0x18 hc-sr04.o
                0x0000025e                read_dist
 .text.i2c_write
                0x00000276       0x16 I2C.o
                0x00000276                i2c_write
 .text.i2c_start
                0x0000028c       0x1e I2C.o
                0x0000028c                i2c_start
 .text.i2c_init
                0x000002aa       0x12 I2C.o
                0x000002aa                i2c_init
 .text.ON_OFF_ISR
                0x000002bc       0x3c Master node.o
 .text.ultrsonic_task
                0x000002f8       0x56 Master node.o
                0x000002f8                ultrsonic_task
 .text.task_ADC
                0x0000034e       0x66 Master node.o
                0x0000034e                task_ADC
 .text.task_I2C
                0x000003b4       0x62 Master node.o
                0x000003b4                task_I2C
 .text.ON_OFF_task
                0x00000416       0x44 Master node.o
                0x00000416                ON_OFF_task
 .text.main     0x0000045a       0x9c Master node.o
                0x0000045a                main
 .text.vListInitialise
                0x000004f6       0x1c Source/list.o
                0x000004f6                vListInitialise
 .text.vListInitialiseItem
                0x00000512        0x8 Source/list.o
                0x00000512                vListInitialiseItem
 .text.vListInsertEnd
                0x0000051a       0x42 Source/list.o
                0x0000051a                vListInsertEnd
 .text.vListInsert
                0x0000055c       0x62 Source/list.o
                0x0000055c                vListInsert
 .text.uxListRemove
                0x000005be       0x4c Source/list.o
                0x000005be                uxListRemove
 .text.pxPortInitialiseStack
                0x0000060a       0xd8 Source/portable/GCC/Atmega328p/port.o
                0x0000060a                pxPortInitialiseStack
 .text.xPortStartScheduler
                0x000006e2       0x74 Source/portable/GCC/Atmega328p/port.o
                0x000006e2                xPortStartScheduler
 .text.vPortYield
                0x00000756       0xb2 Source/portable/GCC/Atmega328p/port.o
                0x00000756                vPortYield
 .text.vPortYieldFromTick
                0x00000808       0xb8 Source/portable/GCC/Atmega328p/port.o
                0x00000808                vPortYieldFromTick
 .text.__vector_11
                0x000008c0        0x6 Source/portable/GCC/Atmega328p/port.o
                0x000008c0                __vector_11
 .text.pvPortMalloc
                0x000008c6      0x134 Source/portable/MemMang/heap_2.o
                0x000008c6                pvPortMalloc
 .text.vPortFree
                0x000009fa       0x66 Source/portable/MemMang/heap_2.o
                0x000009fa                vPortFree
 .text.prvCopyDataToQueue
                0x00000a60       0xc0 Source/queue.o
 .text.prvCopyDataFromQueue
                0x00000b20       0x34 Source/queue.o
 .text.prvUnlockQueue
                0x00000b54       0x98 Source/queue.o
 .text.xQueueGenericSend
                0x00000bec      0x142 Source/queue.o
                0x00000bec                xQueueGenericSend
 .text.xQueueGenericSendFromISR
                0x00000d2e       0x70 Source/queue.o
                0x00000d2e                xQueueGenericSendFromISR
 .text.xQueueGenericReceive
                0x00000d9e      0x186 Source/queue.o
                0x00000d9e                xQueueGenericReceive
 .text.uxQueueMessagesWaiting
                0x00000f24       0x10 Source/queue.o
                0x00000f24                uxQueueMessagesWaiting
 .text.prvResetNextTaskUnblockTime
                0x00000f34       0x3e Source/tasks.o
 .text.prvAddCurrentTaskToDelayedList
                0x00000f72       0x6e Source/tasks.o
 .text.xTaskGenericCreate
                0x00000fe0      0x226 Source/tasks.o
                0x00000fe0                xTaskGenericCreate
 .text.vTaskResume
                0x00001206       0x9e Source/tasks.o
                0x00001206                vTaskResume
 .text.xTaskResumeFromISR
                0x000012a4       0xc2 Source/tasks.o
                0x000012a4                xTaskResumeFromISR
 .text.vTaskStartScheduler
                0x00001366       0x5e Source/tasks.o
                0x00001366                vTaskStartScheduler
 .text.vTaskSuspendAll
                0x000013c4        0xc Source/tasks.o
                0x000013c4                vTaskSuspendAll
 .text.xTaskIncrementTick
                0x000013d0      0x17a Source/tasks.o
                0x000013d0                xTaskIncrementTick
 .text.xTaskResumeAll
                0x0000154a      0x104 Source/tasks.o
                0x0000154a                xTaskResumeAll
 .text.vTaskDelay
                0x0000164e       0x40 Source/tasks.o
                0x0000164e                vTaskDelay
 .text.prvIdleTask
                0x0000168e       0x7a Source/tasks.o
 .text.vTaskSwitchContext
                0x00001708       0xda Source/tasks.o
                0x00001708                vTaskSwitchContext
 .text.vTaskSuspend
                0x000017e2       0x9e Source/tasks.o
                0x000017e2                vTaskSuspend
 .text.vTaskPlaceOnEventList
                0x00001880       0x58 Source/tasks.o
                0x00001880                vTaskPlaceOnEventList
 .text.xTaskRemoveFromEventList
                0x000018d8       0x90 Source/tasks.o
                0x000018d8                xTaskRemoveFromEventList
 .text.vTaskSetTimeOutState
                0x00001968       0x16 Source/tasks.o
                0x00001968                vTaskSetTimeOutState
 .text.xTaskCheckForTimeOut
                0x0000197e       0x72 Source/tasks.o
                0x0000197e                xTaskCheckForTimeOut
 .text.vTaskMissedYield
                0x000019f0        0x8 Source/tasks.o
                0x000019f0                vTaskMissedYield
 .text.vTaskPriorityInherit
                0x000019f8       0xc4 Source/tasks.o
                0x000019f8                vTaskPriorityInherit
 .text.xTaskPriorityDisinherit
                0x00001abc       0x80 Source/tasks.o
                0x00001abc                xTaskPriorityDisinherit
 .text.pvTaskIncrementMutexHeldCount
                0x00001b3c       0x24 Source/tasks.o
                0x00001b3c                pvTaskIncrementMutexHeldCount
 .text.attachInterrupt
                0x00001b60       0x46 Source/WInterrupts.o
                0x00001b60                attachInterrupt
 .text.__vector_1
                0x00001ba6       0x5a Source/WInterrupts.o
                0x00001ba6                __vector_1
 .text.__vector_2
                0x00001c00       0x5a Source/WInterrupts.o
                0x00001c00                __vector_2
 .text.USART_init
                0x00001c5a       0x18 USART/USART.o
                0x00001c5a                USART_init
 .text.USART_send
                0x00001c72       0x10 USART/USART.o
                0x00001c72                USART_send
 .text.USART_sendstr
                0x00001c82       0x1e USART/USART.o
                0x00001c82                USART_sendstr
 .text.avr-libc.fplib
                0x00001ca0        0x8 c:/program files (x86)/atmel/studio/7.0/toolchain/avr8/avr8-gnu-toolchain/bin/../lib/gcc/avr/5.4.0/../../../../avr/lib/avr5\libm.a(divsf3.o)
                0x00001ca0                __divsf3
 .text.avr-libc.fplib
                0x00001ca8       0xdc c:/program files (x86)/atmel/studio/7.0/toolchain/avr8/avr8-gnu-toolchain/bin/../lib/gcc/avr/5.4.0/../../../../avr/lib/avr5\libm.a(divsf3x.o)
                0x00001cc8                __divsf3x
                0x00001cce                __divsf3_pse
 .text.avr-libc.fplib
                0x00001d84        0xe c:/program files (x86)/atmel/studio/7.0/toolchain/avr8/avr8-gnu-toolchain/bin/../lib/gcc/avr/5.4.0/../../../../avr/lib/avr5\libm.a(fixsfsi.o)
                0x00001d84                __fixsfsi
 .text.avr-libc.fplib
                0x00001d92       0x5e c:/program files (x86)/atmel/studio/7.0/toolchain/avr8/avr8-gnu-toolchain/bin/../lib/gcc/avr/5.4.0/../../../../avr/lib/avr5\libm.a(fixunssfsi.o)
                0x00001d92                __fixunssfsi
 .text.avr-libc.fplib
                0x00001df0       0x7a c:/program files (x86)/atmel/studio/7.0/toolchain/avr8/avr8-gnu-toolchain/bin/../lib/gcc/avr/5.4.0/../../../../avr/lib/avr5\libm.a(floatsisf.o)
                0x00001df0                __floatunsisf
                0x00001df4                __floatsisf
 .text.avr-libc.fplib
                0x00001e6a        0xc c:/program files (x86)/atmel/studio/7.0/toolchain/avr8/avr8-gnu-toolchain/bin/../lib/gcc/avr/5.4.0/../../../../avr/lib/avr5\libm.a(fp_inf.o)
                0x00001e6a                __fp_inf
 .text.avr-libc.fplib
                0x00001e76        0x6 c:/program files (x86)/atmel/studio/7.0/toolchain/avr8/avr8-gnu-toolchain/bin/../lib/gcc/avr/5.4.0/../../../../avr/lib/avr5\libm.a(fp_nan.o)
                0x00001e76                __fp_nan
 .text.avr-libc.fplib
                0x00001e7c        0xe c:/program files (x86)/atmel/studio/7.0/toolchain/avr8/avr8-gnu-toolchain/bin/../lib/gcc/avr/5.4.0/../../../../avr/lib/avr5\libm.a(fp_pscA.o)
                0x00001e7c                __fp_pscA
 .text.avr-libc.fplib
                0x00001e8a        0xe c:/program files (x86)/atmel/studio/7.0/toolchain/avr8/avr8-gnu-toolchain/bin/../lib/gcc/avr/5.4.0/../../../../avr/lib/avr5\libm.a(fp_pscB.o)
                0x00001e8a                __fp_pscB
 .text.avr-libc.fplib
                0x00001e98       0x22 c:/program files (x86)/atmel/studio/7.0/toolchain/avr8/avr8-gnu-toolchain/bin/../lib/gcc/avr/5.4.0/../../../../avr/lib/avr5\libm.a(fp_round.o)
                0x00001e98                __fp_round
 .text.avr-libc.fplib
                0x00001eba       0x44 c:/program files (x86)/atmel/studio/7.0/toolchain/avr8/avr8-gnu-toolchain/bin/../lib/gcc/avr/5.4.0/../../../../avr/lib/avr5\libm.a(fp_split3.o)
                0x00001eba                __fp_split3
                0x00001eca                __fp_splitA
 .text.avr-libc.fplib
                0x00001efe        0xe c:/program files (x86)/atmel/studio/7.0/toolchain/avr8/avr8-gnu-toolchain/bin/../lib/gcc/avr/5.4.0/../../../../avr/lib/avr5\libm.a(fp_zero.o)
                0x00001efe                __fp_zero
                0x00001f00                __fp_szero
 .text.avr-libc.fplib
                0x00001f0c        0x8 c:/program files (x86)/atmel/studio/7.0/toolchain/avr8/avr8-gnu-toolchain/bin/../lib/gcc/avr/5.4.0/../../../../avr/lib/avr5\libm.a(mulsf3.o)
                0x00001f0c                __mulsf3
 .text.avr-libc.fplib
                0x00001f14       0xd2 c:/program files (x86)/atmel/studio/7.0/toolchain/avr8/avr8-gnu-toolchain/bin/../lib/gcc/avr/5.4.0/../../../../avr/lib/avr5\libm.a(mulsf3x.o)
                0x00001f32                __mulsf3x
                0x00001f38                __mulsf3_pse
 .text.libgcc.div
                0x00001fe6       0x28 c:/program files (x86)/atmel/studio/7.0/toolchain/avr8/avr8-gnu-toolchain/bin/../lib/gcc/avr/5.4.0/avr5\libgcc.a(_divmodhi4.o)
                0x00001fe6                _div
                0x00001fe6                __divmodhi4
 .text.libgcc.div
                0x0000200e       0x28 c:/program files (x86)/atmel/studio/7.0/toolchain/avr8/avr8-gnu-toolchain/bin/../lib/gcc/avr/5.4.0/avr5\libgcc.a(_udivmodhi4.o)
                0x0000200e                __udivmodhi4
 .text.avr-libc
                0x00002036       0x12 c:/program files (x86)/atmel/studio/7.0/toolchain/avr8/avr8-gnu-toolchain/bin/../lib/gcc/avr/5.4.0/../../../../avr/lib/avr5\libc.a(memcpy.o)
                0x00002036                memcpy
                0x00002048                . = ALIGN (0x2)
 *(.fini9)
 .fini9         0x00002048        0x0 c:/program files (x86)/atmel/studio/7.0/toolchain/avr8/avr8-gnu-toolchain/bin/../lib/gcc/avr/5.4.0/avr5\libgcc.a(_exit.o)
                0x00002048                _exit
                0x00002048                exit
 *(.fini9)
 *(.fini8)
 *(.fini8)
 *(.fini7)
 *(.fini7)
 *(.fini6)
 *(.fini6)
 *(.fini5)
 *(.fini5)
 *(.fini4)
 *(.fini4)
 *(.fini3)
 *(.fini3)
 *(.fini2)
 *(.fini2)
 *(.fini1)
 *(.fini1)
 *(.fini0)
 .fini0         0x00002048        0x4 c:/program files (x86)/atmel/studio/7.0/toolchain/avr8/avr8-gnu-toolchain/bin/../lib/gcc/avr/5.4.0/avr5\libgcc.a(_exit.o)
 *(.fini0)
                0x0000204c                _etext = .

.data           0x00800100       0x3e load address 0x0000204c
                0x00800100                PROVIDE (__data_start, .)
 *(.data)
 *(.data*)
 .data.xFreeBytesRemaining
                0x00800100        0x2 Source/portable/MemMang/heap_2.o
 .data.xNextTaskUnblockTime
                0x00800102        0x2 Source/tasks.o
 *(.gnu.linkonce.d*)
 *(.rodata)
 *(.rodata*)
 .rodata.str1.1
                0x00800104       0x29 Master node.o
 .rodata.str1.1
                0x0080012d       0x10 Source/tasks.o
 *(.gnu.linkonce.r*)
                0x0080013e                . = ALIGN (0x2)
 *fill*         0x0080013d        0x1 
                0x0080013e                _edata = .
                0x0080013e                PROVIDE (__data_end, .)

.bss            0x0080013e      0x664
                0x0080013e                PROVIDE (__bss_start, .)
 *(.bss)
 *(.bss*)
 .bss.flag      0x0080013e        0x1 Master node.o
                0x0080013e                flag
 .bss.xHeapHasBeenInitialised.2023
                0x0080013f        0x1 Source/portable/MemMang/heap_2.o
 .bss.xEnd      0x00800140        0x4 Source/portable/MemMang/heap_2.o
 .bss.xStart    0x00800144        0x4 Source/portable/MemMang/heap_2.o
 .bss.ucHeap    0x00800148      0x5dc Source/portable/MemMang/heap_2.o
 .bss.uxSchedulerSuspended
                0x00800724        0x1 Source/tasks.o
 .bss.uxTaskNumber
                0x00800725        0x1 Source/tasks.o
 .bss.xNumOfOverflows
                0x00800726        0x1 Source/tasks.o
 .bss.xYieldPending
                0x00800727        0x1 Source/tasks.o
 .bss.uxPendedTicks
                0x00800728        0x1 Source/tasks.o
 .bss.xSchedulerRunning
                0x00800729        0x1 Source/tasks.o
 .bss.uxTopReadyPriority
                0x0080072a        0x1 Source/tasks.o
 .bss.xTickCount
                0x0080072b        0x2 Source/tasks.o
 .bss.uxCurrentNumberOfTasks
                0x0080072d        0x1 Source/tasks.o
 .bss.xIdleTaskHandle
                0x0080072e        0x2 Source/tasks.o
 .bss.xSuspendedTaskList
                0x00800730        0x9 Source/tasks.o
 .bss.uxTasksDeleted
                0x00800739        0x1 Source/tasks.o
 .bss.xTasksWaitingTermination
                0x0080073a        0x9 Source/tasks.o
 .bss.xPendingReadyList
                0x00800743        0x9 Source/tasks.o
 .bss.pxOverflowDelayedTaskList
                0x0080074c        0x2 Source/tasks.o
 .bss.pxDelayedTaskList
                0x0080074e        0x2 Source/tasks.o
 .bss.xDelayedTaskList2
                0x00800750        0x9 Source/tasks.o
 .bss.xDelayedTaskList1
                0x00800759        0x9 Source/tasks.o
 .bss.pxReadyTasksLists
                0x00800762       0x24 Source/tasks.o
 .bss.pxCurrentTCB
                0x00800786        0x2 Source/tasks.o
                0x00800786                pxCurrentTCB
 .bss.intFunc   0x00800788        0x4 Source/WInterrupts.o
 *(COMMON)
 COMMON         0x0080078c        0xc hc-sr04.o
                0x0080078c                falling
                0x0080078e                dist
                0x00800792                us_per_count
                0x00800794                counts
                0x00800796                rising
 COMMON         0x00800798        0xa Master node.o
                0x00800798                on_off_Handle
                0x0080079a                adc_Handle
                0x0080079c                i2c_Handle
                0x0080079e                xQueue
                0x008007a0                ultr_Handle
                0x008007a2                PROVIDE (__bss_end, .)
                0x0000204c                __data_load_start = LOADADDR (.data)
                0x0000208a                __data_load_end = (__data_load_start + SIZEOF (.data))

.noinit         0x008007a2        0x0
                [!provide]                PROVIDE (__noinit_start, .)
 *(.noinit*)
                [!provide]                PROVIDE (__noinit_end, .)
                0x008007a2                _end = .
                [!provide]                PROVIDE (__heap_start, .)

.eeprom         0x00810000        0x0
 *(.eeprom*)
                0x00810000                __eeprom_end = .

.fuse
 *(.fuse)
 *(.lfuse)
 *(.hfuse)
 *(.efuse)

.lock
 *(.lock*)

.signature
 *(.signature*)

.user_signatures
 *(.user_signatures*)

.stab
 *(.stab)

.stabstr
 *(.stabstr)

.stab.excl
 *(.stab.excl)

.stab.exclstr
 *(.stab.exclstr)

.stab.index
 *(.stab.index)

.stab.indexstr
 *(.stab.indexstr)

.comment        0x00000000       0x30
 *(.comment)
 .comment       0x00000000       0x30 ADC.o
                                 0x31 (size before relaxing)
 .comment       0x00000030       0x31 hc-sr04.o
 .comment       0x00000030       0x31 I2C.o
 .comment       0x00000030       0x31 Master node.o
 .comment       0x00000030       0x31 Source/list.o
 .comment       0x00000030       0x31 Source/portable/GCC/Atmega328p/port.o
 .comment       0x00000030       0x31 Source/portable/MemMang/heap_2.o
 .comment       0x00000030       0x31 Source/queue.o
 .comment       0x00000030       0x31 Source/tasks.o
 .comment       0x00000030       0x31 Source/WInterrupts.o
 .comment       0x00000030       0x31 USART/USART.o

.note.gnu.avr.deviceinfo
                0x00000000       0x40
 .note.gnu.avr.deviceinfo
                0x00000000       0x40 c:/program files (x86)/atmel/studio/7.0/toolchain/avr8/avr8-gnu-toolchain/bin/../lib/gcc/avr/5.4.0/../../../../avr/lib/avr5/crtatmega328p.o

.note.gnu.build-id
 *(.note.gnu.build-id)

.debug
 *(.debug)

.line
 *(.line)

.debug_srcinfo
 *(.debug_srcinfo)

.debug_sfnames
 *(.debug_sfnames)

.debug_aranges  0x00000000      0x478
 *(.debug_aranges)
 .debug_aranges
                0x00000000       0x28 ADC.o
 .debug_aranges
                0x00000028       0x38 hc-sr04.o
 .debug_aranges
                0x00000060       0x58 I2C.o
 .debug_aranges
                0x000000b8       0x48 Master node.o
 .debug_aranges
                0x00000100       0x40 Source/list.o
 .debug_aranges
                0x00000140       0x48 Source/portable/GCC/Atmega328p/port.o
 .debug_aranges
                0x00000188       0x38 Source/portable/MemMang/heap_2.o
 .debug_aranges
                0x000001c0       0xd0 Source/queue.o
 .debug_aranges
                0x00000290      0x178 Source/tasks.o
 .debug_aranges
                0x00000408       0x38 Source/WInterrupts.o
 .debug_aranges
                0x00000440       0x38 USART/USART.o

.debug_pubnames
 *(.debug_pubnames)

.debug_info     0x00000000     0x4dff
 *(.debug_info .gnu.linkonce.wi.*)
 .debug_info    0x00000000      0x5f4 c:/program files (x86)/atmel/studio/7.0/toolchain/avr8/avr8-gnu-toolchain/bin/../lib/gcc/avr/5.4.0/../../../../avr/lib/avr5/crtatmega328p.o
 .debug_info    0x000005f4       0xb7 ADC.o
 .debug_info    0x000006ab      0x1bc hc-sr04.o
 .debug_info    0x00000867      0x15a I2C.o
 .debug_info    0x000009c1      0x71f Master node.o
 .debug_info    0x000010e0      0x2c6 Source/list.o
 .debug_info    0x000013a6      0x263 Source/portable/GCC/Atmega328p/port.o
 .debug_info    0x00001609      0x33a Source/portable/MemMang/heap_2.o
 .debug_info    0x00001943     0x134a Source/queue.o
 .debug_info    0x00002c8d     0x1f0d Source/tasks.o
 .debug_info    0x00004b9a      0x15a Source/WInterrupts.o
 .debug_info    0x00004cf4      0x10b USART/USART.o

.debug_abbrev   0x00000000     0x14ac
 *(.debug_abbrev)
 .debug_abbrev  0x00000000      0x5a2 c:/program files (x86)/atmel/studio/7.0/toolchain/avr8/avr8-gnu-toolchain/bin/../lib/gcc/avr/5.4.0/../../../../avr/lib/avr5/crtatmega328p.o
 .debug_abbrev  0x000005a2       0x78 ADC.o
 .debug_abbrev  0x0000061a      0x119 hc-sr04.o
 .debug_abbrev  0x00000733       0xa8 I2C.o
 .debug_abbrev  0x000007db      0x1c6 Master node.o
 .debug_abbrev  0x000009a1       0xf8 Source/list.o
 .debug_abbrev  0x00000a99      0x155 Source/portable/GCC/Atmega328p/port.o
 .debug_abbrev  0x00000bee      0x1ba Source/portable/MemMang/heap_2.o
 .debug_abbrev  0x00000da8      0x235 Source/queue.o
 .debug_abbrev  0x00000fdd      0x32e Source/tasks.o
 .debug_abbrev  0x0000130b       0xc1 Source/WInterrupts.o
 .debug_abbrev  0x000013cc       0xe0 USART/USART.o

.debug_line     0x00000000     0x2e44
 *(.debug_line .debug_line.* .debug_line_end)
 .debug_line    0x00000000       0x1a c:/program files (x86)/atmel/studio/7.0/toolchain/avr8/avr8-gnu-toolchain/bin/../lib/gcc/avr/5.4.0/../../../../avr/lib/avr5/crtatmega328p.o
 .debug_line    0x0000001a       0xdc ADC.o
 .debug_line    0x000000f6      0x1c5 hc-sr04.o
 .debug_line    0x000002bb      0x1e0 I2C.o
 .debug_line    0x0000049b      0x30f Master node.o
 .debug_line    0x000007aa      0x208 Source/list.o
 .debug_line    0x000009b2      0x2dd Source/portable/GCC/Atmega328p/port.o
 .debug_line    0x00000c8f      0x2ca Source/portable/MemMang/heap_2.o
 .debug_line    0x00000f59      0xaa9 Source/queue.o
 .debug_line    0x00001a02     0x119b Source/tasks.o
 .debug_line    0x00002b9d      0x171 Source/WInterrupts.o
 .debug_line    0x00002d0e      0x136 USART/USART.o

.debug_frame    0x00000000      0xd14
 *(.debug_frame)
 .debug_frame   0x00000000       0x34 ADC.o
 .debug_frame   0x00000034       0xcc hc-sr04.o
 .debug_frame   0x00000100       0x94 I2C.o
 .debug_frame   0x00000194       0xa4 Master node.o
 .debug_frame   0x00000238       0x88 Source/list.o
 .debug_frame   0x000002c0       0x74 Source/portable/GCC/Atmega328p/port.o
 .debug_frame   0x00000334       0x7c Source/portable/MemMang/heap_2.o
 .debug_frame   0x000003b0      0x2d8 Source/queue.o
 .debug_frame   0x00000688      0x548 Source/tasks.o
 .debug_frame   0x00000bd0       0xe4 Source/WInterrupts.o
 .debug_frame   0x00000cb4       0x60 USART/USART.o

.debug_str      0x00000000     0x186b
 *(.debug_str)
 .debug_str     0x00000000      0x208 c:/program files (x86)/atmel/studio/7.0/toolchain/avr8/avr8-gnu-toolchain/bin/../lib/gcc/avr/5.4.0/../../../../avr/lib/avr5/crtatmega328p.o
 .debug_str     0x00000208      0x158 ADC.o
                                0x18c (size before relaxing)
 .debug_str     0x00000360       0xed hc-sr04.o
                                0x215 (size before relaxing)
 .debug_str     0x0000044d       0x6e I2C.o
                                0x1c9 (size before relaxing)
 .debug_str     0x000004bb      0x1a5 Master node.o
                                0x3a1 (size before relaxing)
 .debug_str     0x00000660      0x190 Source/list.o
                                0x2c1 (size before relaxing)
 .debug_str     0x000007f0      0x136 Source/portable/GCC/Atmega328p/port.o
                                0x2dc (size before relaxing)
 .debug_str     0x00000926      0x17e Source/portable/MemMang/heap_2.o
                                0x324 (size before relaxing)
 .debug_str     0x00000aa4      0x4c6 Source/queue.o
                                0x7f6 (size before relaxing)
 .debug_str     0x00000f6a      0x875 Source/tasks.o
                                0xdb1 (size before relaxing)
 .debug_str     0x000017df       0x6d Source/WInterrupts.o
                                0x1fb (size before relaxing)
 .debug_str     0x0000184c       0x1f USART/USART.o
                                0x1b8 (size before relaxing)

.debug_loc      0x00000000     0x48ca
 *(.debug_loc)
 .debug_loc     0x00000000       0x21 ADC.o
 .debug_loc     0x00000021      0x18e hc-sr04.o
 .debug_loc     0x000001af       0x87 I2C.o
 .debug_loc     0x00000236      0x120 Master node.o
 .debug_loc     0x00000356      0x145 Source/list.o
 .debug_loc     0x0000049b      0x2a0 Source/portable/GCC/Atmega328p/port.o
 .debug_loc     0x0000073b      0x2ef Source/portable/MemMang/heap_2.o
 .debug_loc     0x00000a2a     0x1a5a Source/queue.o
 .debug_loc     0x00002484     0x2184 Source/tasks.o
 .debug_loc     0x00004608      0x214 Source/WInterrupts.o
 .debug_loc     0x0000481c       0xae USART/USART.o

.debug_macinfo
 *(.debug_macinfo)

.debug_weaknames
 *(.debug_weaknames)

.debug_funcnames
 *(.debug_funcnames)

.debug_typenames
 *(.debug_typenames)

.debug_varnames
 *(.debug_varnames)

.debug_pubtypes
 *(.debug_pubtypes)

.debug_ranges   0x00000000      0x458
 *(.debug_ranges)
 .debug_ranges  0x00000000       0x18 ADC.o
 .debug_ranges  0x00000018       0x28 hc-sr04.o
 .debug_ranges  0x00000040       0x48 I2C.o
 .debug_ranges  0x00000088       0x38 Master node.o
 .debug_ranges  0x000000c0       0x30 Source/list.o
 .debug_ranges  0x000000f0       0x38 Source/portable/GCC/Atmega328p/port.o
 .debug_ranges  0x00000128       0x28 Source/portable/MemMang/heap_2.o
 .debug_ranges  0x00000150       0xc0 Source/queue.o
 .debug_ranges  0x00000210      0x1f8 Source/tasks.o
 .debug_ranges  0x00000408       0x28 Source/WInterrupts.o
 .debug_ranges  0x00000430       0x28 USART/USART.o

.debug_macro
 *(.debug_macro)
OUTPUT(Master node.elf elf32-avr)
LOAD linker stubs
