Archive member included to satisfy reference by file (symbol)

c:/program files (x86)/atmel/studio/7.0/toolchain/avr8/avr8-gnu-toolchain/bin/../lib/gcc/avr/5.4.0/avr5\libgcc.a(_exit.o)
                              C:/Program Files (x86)/Atmel/Studio/7.0/Packs/atmel/ATmega_DFP/1.1.130/gcc/dev/atmega328p/avr5/crtatmega328p.o (exit)
c:/program files (x86)/atmel/studio/7.0/toolchain/avr8/avr8-gnu-toolchain/bin/../lib/gcc/avr/5.4.0/avr5\libgcc.a(_copy_data.o)
                              Slave node.o (__do_copy_data)
c:/program files (x86)/atmel/studio/7.0/toolchain/avr8/avr8-gnu-toolchain/bin/../lib/gcc/avr/5.4.0/avr5\libgcc.a(_clear_bss.o)
                              Slave node.o (__do_clear_bss)
c:/program files (x86)/atmel/studio/7.0/toolchain/avr8/avr8-gnu-toolchain/bin/../lib/gcc/avr/5.4.0/../../../../avr/lib/avr5\libc.a(memcpy.o)
                              Source/queue.o (memcpy)
c:/program files (x86)/atmel/studio/7.0/toolchain/avr8/avr8-gnu-toolchain/bin/../lib/gcc/avr/5.4.0/../../../../avr/lib/avr5\libc.a(itoa.o)
                              Slave node.o (itoa)
c:/program files (x86)/atmel/studio/7.0/toolchain/avr8/avr8-gnu-toolchain/bin/../lib/gcc/avr/5.4.0/../../../../avr/lib/avr5\libc.a(itoa_ncheck.o)
                              c:/program files (x86)/atmel/studio/7.0/toolchain/avr8/avr8-gnu-toolchain/bin/../lib/gcc/avr/5.4.0/../../../../avr/lib/avr5\libc.a(itoa.o) (__itoa_ncheck)
c:/program files (x86)/atmel/studio/7.0/toolchain/avr8/avr8-gnu-toolchain/bin/../lib/gcc/avr/5.4.0/../../../../avr/lib/avr5\libc.a(utoa_ncheck.o)
                              c:/program files (x86)/atmel/studio/7.0/toolchain/avr8/avr8-gnu-toolchain/bin/../lib/gcc/avr/5.4.0/../../../../avr/lib/avr5\libc.a(itoa_ncheck.o) (__utoa_common)
c:/program files (x86)/atmel/studio/7.0/toolchain/avr8/avr8-gnu-toolchain/bin/../lib/gcc/avr/5.4.0/../../../../avr/lib/avr5\libc.a(strrev.o)
                              c:/program files (x86)/atmel/studio/7.0/toolchain/avr8/avr8-gnu-toolchain/bin/../lib/gcc/avr/5.4.0/../../../../avr/lib/avr5\libc.a(utoa_ncheck.o) (strrev)

Allocating common symbols
Common symbol       size              file

xQueueLCD           0x2               Slave node.o
xQueuePWM           0x2               Slave node.o

Discarded input sections

 .data          0x00000000        0x0 C:/Program Files (x86)/Atmel/Studio/7.0/Packs/atmel/ATmega_DFP/1.1.130/gcc/dev/atmega328p/avr5/crtatmega328p.o
 .bss           0x00000000        0x0 C:/Program Files (x86)/Atmel/Studio/7.0/Packs/atmel/ATmega_DFP/1.1.130/gcc/dev/atmega328p/avr5/crtatmega328p.o
 .text          0x00000000        0x0 I2C.o
 .data          0x00000000        0x0 I2C.o
 .bss           0x00000000        0x0 I2C.o
 .text.i2c_send
                0x00000000       0x16 I2C.o
 .text.i2c_listen
                0x00000000        0xc I2C.o
 .text.i2c_write
                0x00000000       0x16 I2C.o
 .text.i2c_read
                0x00000000       0x16 I2C.o
 .text.i2c_start
                0x00000000       0x1e I2C.o
 .text.i2c_stop
                0x00000000        0x8 I2C.o
 .text.i2c_init
                0x00000000       0x12 I2C.o
 .text          0x00000000        0x0 LCD.o
 .data          0x00000000        0x0 LCD.o
 .bss           0x00000000        0x0 LCD.o
 .text.LCD_String_xy
                0x00000000       0x38 LCD.o
 .text          0x00000000        0x0 PWM.o
 .data          0x00000000        0x0 PWM.o
 .bss           0x00000000        0x0 PWM.o
 .text.PWM0_AntiClockWise
                0x00000000        0x6 PWM.o
 .text.PWM1_ClockWise
                0x00000000        0x6 PWM.o
 .text          0x00000000        0x0 Slave node.o
 .data          0x00000000        0x0 Slave node.o
 .bss           0x00000000        0x0 Slave node.o
 .text          0x00000000        0x0 Source/croutine.o
 .data          0x00000000        0x0 Source/croutine.o
 .bss           0x00000000        0x0 Source/croutine.o
 .text.xCoRoutineCreate
                0x00000000       0xf0 Source/croutine.o
 .text.vCoRoutineAddToDelayedList
                0x00000000       0x86 Source/croutine.o
 .text.vCoRoutineSchedule
                0x00000000      0x274 Source/croutine.o
 .text.xCoRoutineRemoveFromEventList
                0x00000000       0x4a Source/croutine.o
 .bss.xPassedTicks
                0x00000000        0x2 Source/croutine.o
 .bss.xLastTickCount
                0x00000000        0x2 Source/croutine.o
 .bss.xCoRoutineTickCount
                0x00000000        0x2 Source/croutine.o
 .bss.uxTopCoRoutineReadyPriority
                0x00000000        0x1 Source/croutine.o
 .bss.pxCurrentCoRoutine
                0x00000000        0x2 Source/croutine.o
 .bss.xPendingReadyCoRoutineList
                0x00000000        0x9 Source/croutine.o
 .bss.pxOverflowDelayedCoRoutineList
                0x00000000        0x2 Source/croutine.o
 .bss.pxDelayedCoRoutineList
                0x00000000        0x2 Source/croutine.o
 .bss.xDelayedCoRoutineList2
                0x00000000        0x9 Source/croutine.o
 .bss.xDelayedCoRoutineList1
                0x00000000        0x9 Source/croutine.o
 .bss.pxReadyCoRoutineLists
                0x00000000       0x12 Source/croutine.o
 .debug_info    0x00000000      0x77d Source/croutine.o
 .debug_abbrev  0x00000000      0x22b Source/croutine.o
 .debug_loc     0x00000000      0x3eb Source/croutine.o
 .debug_aranges
                0x00000000       0x38 Source/croutine.o
 .debug_ranges  0x00000000       0x28 Source/croutine.o
 .debug_line    0x00000000      0x348 Source/croutine.o
 .debug_str     0x00000000      0x536 Source/croutine.o
 .comment       0x00000000       0x31 Source/croutine.o
 .debug_frame   0x00000000       0xc0 Source/croutine.o
 .text          0x00000000        0x0 Source/event_groups.o
 .data          0x00000000        0x0 Source/event_groups.o
 .bss           0x00000000        0x0 Source/event_groups.o
 .text.xEventGroupCreate
                0x00000000       0x26 Source/event_groups.o
 .text.xEventGroupWaitBits
                0x00000000      0x110 Source/event_groups.o
 .text.xEventGroupClearBits
                0x00000000       0x1e Source/event_groups.o
 .text.xEventGroupGetBitsFromISR
                0x00000000        0x8 Source/event_groups.o
 .text.xEventGroupSetBits
                0x00000000       0xdc Source/event_groups.o
 .text.xEventGroupSync
                0x00000000       0xd2 Source/event_groups.o
 .text.vEventGroupDelete
                0x00000000       0x32 Source/event_groups.o
 .text.vEventGroupSetBitsCallback
                0x00000000        0x8 Source/event_groups.o
 .text.vEventGroupClearBitsCallback
                0x00000000        0x8 Source/event_groups.o
 .debug_info    0x00000000      0x8ed Source/event_groups.o
 .debug_abbrev  0x00000000      0x205 Source/event_groups.o
 .debug_loc     0x00000000      0xb40 Source/event_groups.o
 .debug_aranges
                0x00000000       0x60 Source/event_groups.o
 .debug_ranges  0x00000000       0x68 Source/event_groups.o
 .debug_line    0x00000000      0x3d3 Source/event_groups.o
 .debug_str     0x00000000      0x586 Source/event_groups.o
 .comment       0x00000000       0x31 Source/event_groups.o
 .debug_frame   0x00000000      0x158 Source/event_groups.o
 .text          0x00000000        0x0 Source/list.o
 .data          0x00000000        0x0 Source/list.o
 .bss           0x00000000        0x0 Source/list.o
 .text          0x00000000        0x0 Source/portable/GCC/Atmega328p/port.o
 .data          0x00000000        0x0 Source/portable/GCC/Atmega328p/port.o
 .bss           0x00000000        0x0 Source/portable/GCC/Atmega328p/port.o
 .text.vPortEndScheduler
                0x00000000        0x2 Source/portable/GCC/Atmega328p/port.o
 .text          0x00000000        0x0 Source/portable/MemMang/heap_2.o
 .data          0x00000000        0x0 Source/portable/MemMang/heap_2.o
 .bss           0x00000000        0x0 Source/portable/MemMang/heap_2.o
 .text.xPortGetFreeHeapSize
                0x00000000        0xa Source/portable/MemMang/heap_2.o
 .text.vPortInitialiseBlocks
                0x00000000        0x2 Source/portable/MemMang/heap_2.o
 .text          0x00000000        0x0 Source/queue.o
 .data          0x00000000        0x0 Source/queue.o
 .bss           0x00000000        0x0 Source/queue.o
 .text.xQueueGetMutexHolder
                0x00000000       0x20 Source/queue.o
 .text.xQueueCreateMutex
                0x00000000       0x58 Source/queue.o
 .text.xQueueGenericSendFromISR
                0x00000000       0x70 Source/queue.o
 .text.xQueueGiveFromISR
                0x00000000       0x56 Source/queue.o
 .text.xQueueReceiveFromISR
                0x00000000       0x66 Source/queue.o
 .text.xQueuePeekFromISR
                0x00000000       0x2e Source/queue.o
 .text.uxQueueSpacesAvailable
                0x00000000       0x14 Source/queue.o
 .text.uxQueueMessagesWaitingFromISR
                0x00000000        0x6 Source/queue.o
 .text.vQueueDelete
                0x00000000        0x6 Source/queue.o
 .text.xQueueIsQueueEmptyFromISR
                0x00000000        0xc Source/queue.o
 .text.xQueueIsQueueFullFromISR
                0x00000000        0xe Source/queue.o
 .text.xQueueCRSend
                0x00000000       0x72 Source/queue.o
 .text.xQueueCRReceive
                0x00000000       0x92 Source/queue.o
 .text.xQueueCRSendFromISR
                0x00000000       0x48 Source/queue.o
 .text.xQueueCRReceiveFromISR
                0x00000000       0x82 Source/queue.o
 .text          0x00000000        0x0 Source/tasks.o
 .data          0x00000000        0x0 Source/tasks.o
 .bss           0x00000000        0x0 Source/tasks.o
 .text.vTaskDelete
                0x00000000       0x8e Source/tasks.o
 .text.eTaskGetState
                0x00000000       0x6e Source/tasks.o
 .text.uxTaskPriorityGet
                0x00000000       0x1c Source/tasks.o
 .text.uxTaskPriorityGetFromISR
                0x00000000       0x12 Source/tasks.o
 .text.vTaskPrioritySet
                0x00000000       0xfa Source/tasks.o
 .text.vTaskResume
                0x00000000       0x9e Source/tasks.o
 .text.xTaskResumeFromISR
                0x00000000       0xc2 Source/tasks.o
 .text.vTaskEndScheduler
                0x00000000        0xc Source/tasks.o
 .text.xTaskGetTickCount
                0x00000000       0x14 Source/tasks.o
 .text.xTaskGetTickCountFromISR
                0x00000000        0xa Source/tasks.o
 .text.uxTaskGetNumberOfTasks
                0x00000000        0x6 Source/tasks.o
 .text.pcTaskGetTaskName
                0x00000000       0x10 Source/tasks.o
 .text.xTaskGetIdleTaskHandle
                0x00000000        0xa Source/tasks.o
 .text.vTaskDelayUntil
                0x00000000       0x84 Source/tasks.o
 .text.vTaskSuspend
                0x00000000       0x9e Source/tasks.o
 .text.vTaskPlaceOnUnorderedEventList
                0x00000000       0x66 Source/tasks.o
 .text.xTaskRemoveFromUnorderedEventList
                0x00000000       0x74 Source/tasks.o
 .text.xTaskGetCurrentTaskHandle
                0x00000000        0xa Source/tasks.o
 .text.xTaskGetSchedulerState
                0x00000000       0x1c Source/tasks.o
 .text.uxTaskResetEventItemValue
                0x00000000       0x2e Source/tasks.o
 .text.ulTaskNotifyTake
                0x00000000       0xec Source/tasks.o
 .text.xTaskNotifyWait
                0x00000000      0x13e Source/tasks.o
 .text.xTaskGenericNotify
                0x00000000       0xfc Source/tasks.o
 .text.xTaskNotifyFromISR
                0x00000000      0x110 Source/tasks.o
 .text.vTaskNotifyGiveFromISR
                0x00000000       0xae Source/tasks.o
 .text.pcGetTaskName
                0x00000000        0xc Source/tasks.o
 .text          0x00000000        0x0 Source/timers.o
 .data          0x00000000        0x0 Source/timers.o
 .bss           0x00000000        0x0 Source/timers.o
 .debug_info    0x00000000       0x64 Source/timers.o
 .debug_abbrev  0x00000000       0x26 Source/timers.o
 .debug_aranges
                0x00000000       0x18 Source/timers.o
 .debug_line    0x00000000       0x1a Source/timers.o
 .debug_str     0x00000000      0x16a Source/timers.o
 .comment       0x00000000       0x31 Source/timers.o
 .text          0x00000000        0x0 Source/WInterrupts.o
 .data          0x00000000        0x0 Source/WInterrupts.o
 .bss           0x00000000        0x0 Source/WInterrupts.o
 .text.attachInterrupt
                0x00000000       0x46 Source/WInterrupts.o
 .text.detachInterrupt
                0x00000000       0x26 Source/WInterrupts.o
 .text          0x00000000        0x0 USART/USART.o
 .data          0x00000000        0x0 USART/USART.o
 .bss           0x00000000        0x0 USART/USART.o
 .text.USART_init
                0x00000000       0x18 USART/USART.o
 .text.USART_send
                0x00000000       0x10 USART/USART.o
 .text.USART_sendstr
                0x00000000       0x1e USART/USART.o
 .text.USART_receive
                0x00000000       0x10 USART/USART.o
 .debug_info    0x00000000      0x10b USART/USART.o
 .debug_abbrev  0x00000000       0xe0 USART/USART.o
 .debug_loc     0x00000000       0xae USART/USART.o
 .debug_aranges
                0x00000000       0x38 USART/USART.o
 .debug_ranges  0x00000000       0x28 USART/USART.o
 .debug_line    0x00000000      0x136 USART/USART.o
 .debug_str     0x00000000      0x199 USART/USART.o
 .comment       0x00000000       0x31 USART/USART.o
 .debug_frame   0x00000000       0x60 USART/USART.o
 .text          0x00000000        0x0 c:/program files (x86)/atmel/studio/7.0/toolchain/avr8/avr8-gnu-toolchain/bin/../lib/gcc/avr/5.4.0/avr5\libgcc.a(_exit.o)
 .data          0x00000000        0x0 c:/program files (x86)/atmel/studio/7.0/toolchain/avr8/avr8-gnu-toolchain/bin/../lib/gcc/avr/5.4.0/avr5\libgcc.a(_exit.o)
 .bss           0x00000000        0x0 c:/program files (x86)/atmel/studio/7.0/toolchain/avr8/avr8-gnu-toolchain/bin/../lib/gcc/avr/5.4.0/avr5\libgcc.a(_exit.o)
 .text.libgcc.mul
                0x00000000        0x0 c:/program files (x86)/atmel/studio/7.0/toolchain/avr8/avr8-gnu-toolchain/bin/../lib/gcc/avr/5.4.0/avr5\libgcc.a(_exit.o)
 .text.libgcc.div
                0x00000000        0x0 c:/program files (x86)/atmel/studio/7.0/toolchain/avr8/avr8-gnu-toolchain/bin/../lib/gcc/avr/5.4.0/avr5\libgcc.a(_exit.o)
 .text.libgcc   0x00000000        0x0 c:/program files (x86)/atmel/studio/7.0/toolchain/avr8/avr8-gnu-toolchain/bin/../lib/gcc/avr/5.4.0/avr5\libgcc.a(_exit.o)
 .text.libgcc.prologue
                0x00000000        0x0 c:/program files (x86)/atmel/studio/7.0/toolchain/avr8/avr8-gnu-toolchain/bin/../lib/gcc/avr/5.4.0/avr5\libgcc.a(_exit.o)
 .text.libgcc.builtins
                0x00000000        0x0 c:/program files (x86)/atmel/studio/7.0/toolchain/avr8/avr8-gnu-toolchain/bin/../lib/gcc/avr/5.4.0/avr5\libgcc.a(_exit.o)
 .text.libgcc.fmul
                0x00000000        0x0 c:/program files (x86)/atmel/studio/7.0/toolchain/avr8/avr8-gnu-toolchain/bin/../lib/gcc/avr/5.4.0/avr5\libgcc.a(_exit.o)
 .text.libgcc.fixed
                0x00000000        0x0 c:/program files (x86)/atmel/studio/7.0/toolchain/avr8/avr8-gnu-toolchain/bin/../lib/gcc/avr/5.4.0/avr5\libgcc.a(_exit.o)
 .text          0x00000000        0x0 c:/program files (x86)/atmel/studio/7.0/toolchain/avr8/avr8-gnu-toolchain/bin/../lib/gcc/avr/5.4.0/avr5\libgcc.a(_copy_data.o)
 .data          0x00000000        0x0 c:/program files (x86)/atmel/studio/7.0/toolchain/avr8/avr8-gnu-toolchain/bin/../lib/gcc/avr/5.4.0/avr5\libgcc.a(_copy_data.o)
 .bss           0x00000000        0x0 c:/program files (x86)/atmel/studio/7.0/toolchain/avr8/avr8-gnu-toolchain/bin/../lib/gcc/avr/5.4.0/avr5\libgcc.a(_copy_data.o)
 .text.libgcc.mul
                0x00000000        0x0 c:/program files (x86)/atmel/studio/7.0/toolchain/avr8/avr8-gnu-toolchain/bin/../lib/gcc/avr/5.4.0/avr5\libgcc.a(_copy_data.o)
 .text.libgcc.div
                0x00000000        0x0 c:/program files (x86)/atmel/studio/7.0/toolchain/avr8/avr8-gnu-toolchain/bin/../lib/gcc/avr/5.4.0/avr5\libgcc.a(_copy_data.o)
 .text.libgcc   0x00000000        0x0 c:/program files (x86)/atmel/studio/7.0/toolchain/avr8/avr8-gnu-toolchain/bin/../lib/gcc/avr/5.4.0/avr5\libgcc.a(_copy_data.o)
 .text.libgcc.prologue
                0x00000000        0x0 c:/program files (x86)/atmel/studio/7.0/toolchain/avr8/avr8-gnu-toolchain/bin/../lib/gcc/avr/5.4.0/avr5\libgcc.a(_copy_data.o)
 .text.libgcc.builtins
                0x00000000        0x0 c:/program files (x86)/atmel/studio/7.0/toolchain/avr8/avr8-gnu-toolchain/bin/../lib/gcc/avr/5.4.0/avr5\libgcc.a(_copy_data.o)
 .text.libgcc.fmul
                0x00000000        0x0 c:/program files (x86)/atmel/studio/7.0/toolchain/avr8/avr8-gnu-toolchain/bin/../lib/gcc/avr/5.4.0/avr5\libgcc.a(_copy_data.o)
 .text.libgcc.fixed
                0x00000000        0x0 c:/program files (x86)/atmel/studio/7.0/toolchain/avr8/avr8-gnu-toolchain/bin/../lib/gcc/avr/5.4.0/avr5\libgcc.a(_copy_data.o)
 .text          0x00000000        0x0 c:/program files (x86)/atmel/studio/7.0/toolchain/avr8/avr8-gnu-toolchain/bin/../lib/gcc/avr/5.4.0/avr5\libgcc.a(_clear_bss.o)
 .data          0x00000000        0x0 c:/program files (x86)/atmel/studio/7.0/toolchain/avr8/avr8-gnu-toolchain/bin/../lib/gcc/avr/5.4.0/avr5\libgcc.a(_clear_bss.o)
 .bss           0x00000000        0x0 c:/program files (x86)/atmel/studio/7.0/toolchain/avr8/avr8-gnu-toolchain/bin/../lib/gcc/avr/5.4.0/avr5\libgcc.a(_clear_bss.o)
 .text.libgcc.mul
                0x00000000        0x0 c:/program files (x86)/atmel/studio/7.0/toolchain/avr8/avr8-gnu-toolchain/bin/../lib/gcc/avr/5.4.0/avr5\libgcc.a(_clear_bss.o)
 .text.libgcc.div
                0x00000000        0x0 c:/program files (x86)/atmel/studio/7.0/toolchain/avr8/avr8-gnu-toolchain/bin/../lib/gcc/avr/5.4.0/avr5\libgcc.a(_clear_bss.o)
 .text.libgcc   0x00000000        0x0 c:/program files (x86)/atmel/studio/7.0/toolchain/avr8/avr8-gnu-toolchain/bin/../lib/gcc/avr/5.4.0/avr5\libgcc.a(_clear_bss.o)
 .text.libgcc.prologue
                0x00000000        0x0 c:/program files (x86)/atmel/studio/7.0/toolchain/avr8/avr8-gnu-toolchain/bin/../lib/gcc/avr/5.4.0/avr5\libgcc.a(_clear_bss.o)
 .text.libgcc.builtins
                0x00000000        0x0 c:/program files (x86)/atmel/studio/7.0/toolchain/avr8/avr8-gnu-toolchain/bin/../lib/gcc/avr/5.4.0/avr5\libgcc.a(_clear_bss.o)
 .text.libgcc.fmul
                0x00000000        0x0 c:/program files (x86)/atmel/studio/7.0/toolchain/avr8/avr8-gnu-toolchain/bin/../lib/gcc/avr/5.4.0/avr5\libgcc.a(_clear_bss.o)
 .text.libgcc.fixed
                0x00000000        0x0 c:/program files (x86)/atmel/studio/7.0/toolchain/avr8/avr8-gnu-toolchain/bin/../lib/gcc/avr/5.4.0/avr5\libgcc.a(_clear_bss.o)
 .text          0x00000000        0x0 c:/program files (x86)/atmel/studio/7.0/toolchain/avr8/avr8-gnu-toolchain/bin/../lib/gcc/avr/5.4.0/../../../../avr/lib/avr5\libc.a(memcpy.o)
 .data          0x00000000        0x0 c:/program files (x86)/atmel/studio/7.0/toolchain/avr8/avr8-gnu-toolchain/bin/../lib/gcc/avr/5.4.0/../../../../avr/lib/avr5\libc.a(memcpy.o)
 .bss           0x00000000        0x0 c:/program files (x86)/atmel/studio/7.0/toolchain/avr8/avr8-gnu-toolchain/bin/../lib/gcc/avr/5.4.0/../../../../avr/lib/avr5\libc.a(memcpy.o)
 .text          0x00000000        0x0 c:/program files (x86)/atmel/studio/7.0/toolchain/avr8/avr8-gnu-toolchain/bin/../lib/gcc/avr/5.4.0/../../../../avr/lib/avr5\libc.a(itoa.o)
 .data          0x00000000        0x0 c:/program files (x86)/atmel/studio/7.0/toolchain/avr8/avr8-gnu-toolchain/bin/../lib/gcc/avr/5.4.0/../../../../avr/lib/avr5\libc.a(itoa.o)
 .bss           0x00000000        0x0 c:/program files (x86)/atmel/studio/7.0/toolchain/avr8/avr8-gnu-toolchain/bin/../lib/gcc/avr/5.4.0/../../../../avr/lib/avr5\libc.a(itoa.o)
 .text          0x00000000        0x0 c:/program files (x86)/atmel/studio/7.0/toolchain/avr8/avr8-gnu-toolchain/bin/../lib/gcc/avr/5.4.0/../../../../avr/lib/avr5\libc.a(itoa_ncheck.o)
 .data          0x00000000        0x0 c:/program files (x86)/atmel/studio/7.0/toolchain/avr8/avr8-gnu-toolchain/bin/../lib/gcc/avr/5.4.0/../../../../avr/lib/avr5\libc.a(itoa_ncheck.o)
 .bss           0x00000000        0x0 c:/program files (x86)/atmel/studio/7.0/toolchain/avr8/avr8-gnu-toolchain/bin/../lib/gcc/avr/5.4.0/../../../../avr/lib/avr5\libc.a(itoa_ncheck.o)
 .text          0x00000000        0x0 c:/program files (x86)/atmel/studio/7.0/toolchain/avr8/avr8-gnu-toolchain/bin/../lib/gcc/avr/5.4.0/../../../../avr/lib/avr5\libc.a(utoa_ncheck.o)
 .data          0x00000000        0x0 c:/program files (x86)/atmel/studio/7.0/toolchain/avr8/avr8-gnu-toolchain/bin/../lib/gcc/avr/5.4.0/../../../../avr/lib/avr5\libc.a(utoa_ncheck.o)
 .bss           0x00000000        0x0 c:/program files (x86)/atmel/studio/7.0/toolchain/avr8/avr8-gnu-toolchain/bin/../lib/gcc/avr/5.4.0/../../../../avr/lib/avr5\libc.a(utoa_ncheck.o)
 .text          0x00000000        0x0 c:/program files (x86)/atmel/studio/7.0/toolchain/avr8/avr8-gnu-toolchain/bin/../lib/gcc/avr/5.4.0/../../../../avr/lib/avr5\libc.a(strrev.o)
 .data          0x00000000        0x0 c:/program files (x86)/atmel/studio/7.0/toolchain/avr8/avr8-gnu-toolchain/bin/../lib/gcc/avr/5.4.0/../../../../avr/lib/avr5\libc.a(strrev.o)
 .bss           0x00000000        0x0 c:/program files (x86)/atmel/studio/7.0/toolchain/avr8/avr8-gnu-toolchain/bin/../lib/gcc/avr/5.4.0/../../../../avr/lib/avr5\libc.a(strrev.o)

Memory Configuration

Name             Origin             Length             Attributes
text             0x00000000         0x00020000         xr
data             0x00800060         0x0000ffa0         rw !x
eeprom           0x00810000         0x00010000         rw !x
fuse             0x00820000         0x00000003         rw !x
lock             0x00830000         0x00000400         rw !x
signature        0x00840000         0x00000400         rw !x
user_signatures  0x00850000         0x00000400         rw !x
*default*        0x00000000         0xffffffff

Linker script and memory map

Address of section .data set to 0x800100
LOAD C:/Program Files (x86)/Atmel/Studio/7.0/Packs/atmel/ATmega_DFP/1.1.130/gcc/dev/atmega328p/avr5/crtatmega328p.o
LOAD I2C.o
LOAD LCD.o
LOAD PWM.o
LOAD Slave node.o
LOAD Source/croutine.o
LOAD Source/event_groups.o
LOAD Source/list.o
LOAD Source/portable/GCC/Atmega328p/port.o
LOAD Source/portable/MemMang/heap_2.o
LOAD Source/queue.o
LOAD Source/tasks.o
LOAD Source/timers.o
LOAD Source/WInterrupts.o
LOAD USART/USART.o
START GROUP
LOAD c:/program files (x86)/atmel/studio/7.0/toolchain/avr8/avr8-gnu-toolchain/bin/../lib/gcc/avr/5.4.0/../../../../avr/lib/avr5\libm.a
END GROUP
START GROUP
LOAD c:/program files (x86)/atmel/studio/7.0/toolchain/avr8/avr8-gnu-toolchain/bin/../lib/gcc/avr/5.4.0/avr5\libgcc.a
LOAD c:/program files (x86)/atmel/studio/7.0/toolchain/avr8/avr8-gnu-toolchain/bin/../lib/gcc/avr/5.4.0/../../../../avr/lib/avr5\libm.a
LOAD c:/program files (x86)/atmel/studio/7.0/toolchain/avr8/avr8-gnu-toolchain/bin/../lib/gcc/avr/5.4.0/../../../../avr/lib/avr5\libc.a
LOAD C:/Program Files (x86)/Atmel/Studio/7.0/Packs/atmel/ATmega_DFP/1.1.130/gcc/dev/atmega328p/avr5\libatmega328p.a
END GROUP
                0x00020000                __TEXT_REGION_LENGTH__ = DEFINED (__TEXT_REGION_LENGTH__)?__TEXT_REGION_LENGTH__:0x20000
                0x0000ffa0                __DATA_REGION_LENGTH__ = DEFINED (__DATA_REGION_LENGTH__)?__DATA_REGION_LENGTH__:0xffa0
                0x00010000                __EEPROM_REGION_LENGTH__ = DEFINED (__EEPROM_REGION_LENGTH__)?__EEPROM_REGION_LENGTH__:0x10000
                [0x00000003]                __FUSE_REGION_LENGTH__ = DEFINED (__FUSE_REGION_LENGTH__)?__FUSE_REGION_LENGTH__:0x400
                0x00000400                __LOCK_REGION_LENGTH__ = DEFINED (__LOCK_REGION_LENGTH__)?__LOCK_REGION_LENGTH__:0x400
                0x00000400                __SIGNATURE_REGION_LENGTH__ = DEFINED (__SIGNATURE_REGION_LENGTH__)?__SIGNATURE_REGION_LENGTH__:0x400
                0x00000400                __USER_SIGNATURE_REGION_LENGTH__ = DEFINED (__USER_SIGNATURE_REGION_LENGTH__)?__USER_SIGNATURE_REGION_LENGTH__:0x400

.hash
 *(.hash)

.dynsym
 *(.dynsym)

.dynstr
 *(.dynstr)

.gnu.version
 *(.gnu.version)

.gnu.version_d
 *(.gnu.version_d)

.gnu.version_r
 *(.gnu.version_r)

.rel.init
 *(.rel.init)

.rela.init
 *(.rela.init)

.rel.text
 *(.rel.text)
 *(.rel.text.*)
 *(.rel.gnu.linkonce.t*)

.rela.text
 *(.rela.text)
 *(.rela.text.*)
 *(.rela.gnu.linkonce.t*)

.rel.fini
 *(.rel.fini)

.rela.fini
 *(.rela.fini)

.rel.rodata
 *(.rel.rodata)
 *(.rel.rodata.*)
 *(.rel.gnu.linkonce.r*)

.rela.rodata
 *(.rela.rodata)
 *(.rela.rodata.*)
 *(.rela.gnu.linkonce.r*)

.rel.data
 *(.rel.data)
 *(.rel.data.*)
 *(.rel.gnu.linkonce.d*)

.rela.data
 *(.rela.data)
 *(.rela.data.*)
 *(.rela.gnu.linkonce.d*)

.rel.ctors
 *(.rel.ctors)

.rela.ctors
 *(.rela.ctors)

.rel.dtors
 *(.rel.dtors)

.rela.dtors
 *(.rela.dtors)

.rel.got
 *(.rel.got)

.rela.got
 *(.rela.got)

.rel.bss
 *(.rel.bss)

.rela.bss
 *(.rela.bss)

.rel.plt
 *(.rel.plt)

.rela.plt
 *(.rela.plt)

.text           0x00000000     0x1a4a
 *(.vectors)
 .vectors       0x00000000       0x68 C:/Program Files (x86)/Atmel/Studio/7.0/Packs/atmel/ATmega_DFP/1.1.130/gcc/dev/atmega328p/avr5/crtatmega328p.o
                0x00000000                __vector_default
                0x00000000                __vectors
 *(.vectors)
 *(.progmem.gcc*)
                0x00000068                . = ALIGN (0x2)
                0x00000068                __trampolines_start = .
 *(.trampolines)
 .trampolines   0x00000068        0x0 linker stubs
 *(.trampolines*)
                0x00000068                __trampolines_end = .
 *libprintf_flt.a:*(.progmem.data)
 *libc.a:*(.progmem.data)
 *(.progmem*)
                0x00000068                . = ALIGN (0x2)
 *(.jumptables)
 *(.jumptables*)
 *(.lowtext)
 *(.lowtext*)
                0x00000068                __ctors_start = .
 *(.ctors)
                0x00000068                __ctors_end = .
                0x00000068                __dtors_start = .
 *(.dtors)
                0x00000068                __dtors_end = .
 SORT(*)(.ctors)
 SORT(*)(.dtors)
 *(.init0)
 .init0         0x00000068        0x0 C:/Program Files (x86)/Atmel/Studio/7.0/Packs/atmel/ATmega_DFP/1.1.130/gcc/dev/atmega328p/avr5/crtatmega328p.o
                0x00000068                __init
 *(.init0)
 *(.init1)
 *(.init1)
 *(.init2)
 .init2         0x00000068        0xc C:/Program Files (x86)/Atmel/Studio/7.0/Packs/atmel/ATmega_DFP/1.1.130/gcc/dev/atmega328p/avr5/crtatmega328p.o
 *(.init2)
 *(.init3)
 *(.init3)
 *(.init4)
 .init4         0x00000074       0x16 c:/program files (x86)/atmel/studio/7.0/toolchain/avr8/avr8-gnu-toolchain/bin/../lib/gcc/avr/5.4.0/avr5\libgcc.a(_copy_data.o)
                0x00000074                __do_copy_data
 .init4         0x0000008a       0x10 c:/program files (x86)/atmel/studio/7.0/toolchain/avr8/avr8-gnu-toolchain/bin/../lib/gcc/avr/5.4.0/avr5\libgcc.a(_clear_bss.o)
                0x0000008a                __do_clear_bss
 *(.init4)
 *(.init5)
 *(.init5)
 *(.init6)
 *(.init6)
 *(.init7)
 *(.init7)
 *(.init8)
 *(.init8)
 *(.init9)
 .init9         0x0000009a        0x8 C:/Program Files (x86)/Atmel/Studio/7.0/Packs/atmel/ATmega_DFP/1.1.130/gcc/dev/atmega328p/avr5/crtatmega328p.o
 *(.init9)
 *(.text)
 .text          0x000000a2        0x4 C:/Program Files (x86)/Atmel/Studio/7.0/Packs/atmel/ATmega_DFP/1.1.130/gcc/dev/atmega328p/avr5/crtatmega328p.o
                0x000000a2                __vector_22
                0x000000a2                __vector_12
                0x000000a2                __bad_interrupt
                0x000000a2                __vector_6
                0x000000a2                __vector_3
                0x000000a2                __vector_23
                0x000000a2                __vector_25
                0x000000a2                __vector_13
                0x000000a2                __vector_17
                0x000000a2                __vector_19
                0x000000a2                __vector_7
                0x000000a2                __vector_5
                0x000000a2                __vector_4
                0x000000a2                __vector_9
                0x000000a2                __vector_21
                0x000000a2                __vector_15
                0x000000a2                __vector_8
                0x000000a2                __vector_14
                0x000000a2                __vector_10
                0x000000a2                __vector_16
                0x000000a2                __vector_18
                0x000000a2                __vector_20
                0x000000a6                . = ALIGN (0x2)
 *(.text.*)
 .text.i2c_initSlave
                0x000000a6       0x18 I2C.o
                0x000000a6                i2c_initSlave
 .text.LCD_Command
                0x000000be       0x4e LCD.o
                0x000000be                LCD_Command
 .text.LCD_Char
                0x0000010c       0x4e LCD.o
                0x0000010c                LCD_Char
 .text.LCD_Init
                0x0000015a       0x42 LCD.o
                0x0000015a                LCD_Init
 .text.LCD_String
                0x0000019c       0x1e LCD.o
                0x0000019c                LCD_String
 .text.LCD_Clear
                0x000001ba       0x1a LCD.o
                0x000001ba                LCD_Clear
 .text.PWM0_setDutyCycle
                0x000001d4        0x4 PWM.o
                0x000001d4                PWM0_setDutyCycle
 .text.PWM1_setDutyCycle
                0x000001d8        0x4 PWM.o
                0x000001d8                PWM1_setDutyCycle
 .text.PWM0_ClockWise
                0x000001dc        0x6 PWM.o
                0x000001dc                PWM0_ClockWise
 .text.PWM1_AntiClockWise
                0x000001e2        0x6 PWM.o
                0x000001e2                PWM1_AntiClockWise
 .text.PWM_start
                0x000001e8       0x28 PWM.o
                0x000001e8                PWM_start
 .text.task_PWM
                0x00000210       0x70 Slave node.o
                0x00000210                task_PWM
 .text.task_LCD
                0x00000280       0x92 Slave node.o
                0x00000280                task_LCD
 .text.main     0x00000312       0x68 Slave node.o
                0x00000312                main
 .text.__vector_24
                0x0000037a       0xb8 Slave node.o
                0x0000037a                __vector_24
 .text.vListInitialise
                0x00000432       0x1c Source/list.o
                0x00000432                vListInitialise
 .text.vListInitialiseItem
                0x0000044e        0x8 Source/list.o
                0x0000044e                vListInitialiseItem
 .text.vListInsertEnd
                0x00000456       0x42 Source/list.o
                0x00000456                vListInsertEnd
 .text.vListInsert
                0x00000498       0x62 Source/list.o
                0x00000498                vListInsert
 .text.uxListRemove
                0x000004fa       0x4c Source/list.o
                0x000004fa                uxListRemove
 .text.pxPortInitialiseStack
                0x00000546       0xd8 Source/portable/GCC/Atmega328p/port.o
                0x00000546                pxPortInitialiseStack
 .text.xPortStartScheduler
                0x0000061e       0x74 Source/portable/GCC/Atmega328p/port.o
                0x0000061e                xPortStartScheduler
 .text.vPortYield
                0x00000692       0xb2 Source/portable/GCC/Atmega328p/port.o
                0x00000692                vPortYield
 .text.vPortYieldFromTick
                0x00000744       0xb8 Source/portable/GCC/Atmega328p/port.o
                0x00000744                vPortYieldFromTick
 .text.__vector_11
                0x000007fc        0x6 Source/portable/GCC/Atmega328p/port.o
                0x000007fc                __vector_11
 .text.pvPortMalloc
                0x00000802      0x134 Source/portable/MemMang/heap_2.o
                0x00000802                pvPortMalloc
 .text.vPortFree
                0x00000936       0x66 Source/portable/MemMang/heap_2.o
                0x00000936                vPortFree
 .text.prvCopyDataToQueue
                0x0000099c       0xc0 Source/queue.o
 .text.prvCopyDataFromQueue
                0x00000a5c       0x34 Source/queue.o
 .text.prvUnlockQueue
                0x00000a90       0x98 Source/queue.o
 .text.xQueueGenericReset
                0x00000b28       0x7a Source/queue.o
                0x00000b28                xQueueGenericReset
 .text.xQueueGenericCreate
                0x00000ba2       0x58 Source/queue.o
                0x00000ba2                xQueueGenericCreate
 .text.xQueueGenericSend
                0x00000bfa      0x142 Source/queue.o
                0x00000bfa                xQueueGenericSend
 .text.xQueueGenericReceive
                0x00000d3c      0x186 Source/queue.o
                0x00000d3c                xQueueGenericReceive
 .text.uxQueueMessagesWaiting
                0x00000ec2       0x10 Source/queue.o
                0x00000ec2                uxQueueMessagesWaiting
 .text.prvResetNextTaskUnblockTime
                0x00000ed2       0x3e Source/tasks.o
 .text.prvAddCurrentTaskToDelayedList
                0x00000f10       0x6e Source/tasks.o
 .text.xTaskGenericCreate
                0x00000f7e      0x226 Source/tasks.o
                0x00000f7e                xTaskGenericCreate
 .text.vTaskStartScheduler
                0x000011a4       0x5e Source/tasks.o
                0x000011a4                vTaskStartScheduler
 .text.vTaskSuspendAll
                0x00001202        0xc Source/tasks.o
                0x00001202                vTaskSuspendAll
 .text.xTaskIncrementTick
                0x0000120e      0x17a Source/tasks.o
                0x0000120e                xTaskIncrementTick
 .text.xTaskResumeAll
                0x00001388      0x104 Source/tasks.o
                0x00001388                xTaskResumeAll
 .text.vTaskDelay
                0x0000148c       0x40 Source/tasks.o
                0x0000148c                vTaskDelay
 .text.prvIdleTask
                0x000014cc       0x7a Source/tasks.o
 .text.vTaskSwitchContext
                0x00001546       0xda Source/tasks.o
                0x00001546                vTaskSwitchContext
 .text.vTaskPlaceOnEventList
                0x00001620       0x58 Source/tasks.o
                0x00001620                vTaskPlaceOnEventList
 .text.xTaskRemoveFromEventList
                0x00001678       0x90 Source/tasks.o
                0x00001678                xTaskRemoveFromEventList
 .text.vTaskSetTimeOutState
                0x00001708       0x16 Source/tasks.o
                0x00001708                vTaskSetTimeOutState
 .text.xTaskCheckForTimeOut
                0x0000171e       0x72 Source/tasks.o
                0x0000171e                xTaskCheckForTimeOut
 .text.vTaskMissedYield
                0x00001790        0x8 Source/tasks.o
                0x00001790                vTaskMissedYield
 .text.vTaskPriorityInherit
                0x00001798       0xc4 Source/tasks.o
                0x00001798                vTaskPriorityInherit
 .text.xTaskPriorityDisinherit
                0x0000185c       0x80 Source/tasks.o
                0x0000185c                xTaskPriorityDisinherit
 .text.pvTaskIncrementMutexHeldCount
                0x000018dc       0x24 Source/tasks.o
                0x000018dc                pvTaskIncrementMutexHeldCount
 .text.__vector_1
                0x00001900       0x5a Source/WInterrupts.o
                0x00001900                __vector_1
 .text.__vector_2
                0x0000195a       0x5a Source/WInterrupts.o
                0x0000195a                __vector_2
 .text.avr-libc
                0x000019b4       0x12 c:/program files (x86)/atmel/studio/7.0/toolchain/avr8/avr8-gnu-toolchain/bin/../lib/gcc/avr/5.4.0/../../../../avr/lib/avr5\libc.a(memcpy.o)
                0x000019b4                memcpy
 .text.avr-libc
                0x000019c6       0x16 c:/program files (x86)/atmel/studio/7.0/toolchain/avr8/avr8-gnu-toolchain/bin/../lib/gcc/avr/5.4.0/../../../../avr/lib/avr5\libc.a(itoa.o)
                0x000019c6                __itoa
                0x000019c6                itoa
 .text.avr-libc
                0x000019dc       0x16 c:/program files (x86)/atmel/studio/7.0/toolchain/avr8/avr8-gnu-toolchain/bin/../lib/gcc/avr/5.4.0/../../../../avr/lib/avr5\libc.a(itoa_ncheck.o)
                0x000019dc                __itoa_ncheck
 .text.avr-libc
                0x000019f2       0x34 c:/program files (x86)/atmel/studio/7.0/toolchain/avr8/avr8-gnu-toolchain/bin/../lib/gcc/avr/5.4.0/../../../../avr/lib/avr5\libc.a(utoa_ncheck.o)
                0x000019f2                __utoa_ncheck
                0x000019f4                __utoa_common
 .text.avr-libc
                0x00001a26       0x20 c:/program files (x86)/atmel/studio/7.0/toolchain/avr8/avr8-gnu-toolchain/bin/../lib/gcc/avr/5.4.0/../../../../avr/lib/avr5\libc.a(strrev.o)
                0x00001a26                strrev
                0x00001a46                . = ALIGN (0x2)
 *(.fini9)
 .fini9         0x00001a46        0x0 c:/program files (x86)/atmel/studio/7.0/toolchain/avr8/avr8-gnu-toolchain/bin/../lib/gcc/avr/5.4.0/avr5\libgcc.a(_exit.o)
                0x00001a46                _exit
                0x00001a46                exit
 *(.fini9)
 *(.fini8)
 *(.fini8)
 *(.fini7)
 *(.fini7)
 *(.fini6)
 *(.fini6)
 *(.fini5)
 *(.fini5)
 *(.fini4)
 *(.fini4)
 *(.fini3)
 *(.fini3)
 *(.fini2)
 *(.fini2)
 *(.fini1)
 *(.fini1)
 *(.fini0)
 .fini0         0x00001a46        0x4 c:/program files (x86)/atmel/studio/7.0/toolchain/avr8/avr8-gnu-toolchain/bin/../lib/gcc/avr/5.4.0/avr5\libgcc.a(_exit.o)
 *(.fini0)
                0x00001a4a                _etext = .

.data           0x00800100       0x3c load address 0x00001a4a
                0x00800100                PROVIDE (__data_start, .)
 *(.data)
 *(.data*)
 .data.isON     0x00800100        0x1 Slave node.o
                0x00800100                isON
 .data.xFreeBytesRemaining
                0x00800101        0x2 Source/portable/MemMang/heap_2.o
 .data.xNextTaskUnblockTime
                0x00800103        0x2 Source/tasks.o
 *(.gnu.linkonce.d*)
 *(.rodata)
 *(.rodata*)
 .rodata.str1.1
                0x00800105       0x27 Slave node.o
 .rodata.str1.1
                0x0080012c       0x10 Source/tasks.o
 *(.gnu.linkonce.r*)
                0x0080013c                . = ALIGN (0x2)
                0x0080013c                _edata = .
                0x0080013c                PROVIDE (__data_end, .)

.bss            0x0080013c      0x651
                0x0080013c                PROVIDE (__bss_start, .)
 *(.bss)
 *(.bss*)
 .bss.xHeapHasBeenInitialised.2023
                0x0080013c        0x1 Source/portable/MemMang/heap_2.o
 .bss.xEnd      0x0080013d        0x4 Source/portable/MemMang/heap_2.o
 .bss.xStart    0x00800141        0x4 Source/portable/MemMang/heap_2.o
 .bss.ucHeap    0x00800145      0x5dc Source/portable/MemMang/heap_2.o
 .bss.uxSchedulerSuspended
                0x00800721        0x1 Source/tasks.o
 .bss.uxTaskNumber
                0x00800722        0x1 Source/tasks.o
 .bss.xNumOfOverflows
                0x00800723        0x1 Source/tasks.o
 .bss.xYieldPending
                0x00800724        0x1 Source/tasks.o
 .bss.uxPendedTicks
                0x00800725        0x1 Source/tasks.o
 .bss.xSchedulerRunning
                0x00800726        0x1 Source/tasks.o
 .bss.uxTopReadyPriority
                0x00800727        0x1 Source/tasks.o
 .bss.xTickCount
                0x00800728        0x2 Source/tasks.o
 .bss.uxCurrentNumberOfTasks
                0x0080072a        0x1 Source/tasks.o
 .bss.xIdleTaskHandle
                0x0080072b        0x2 Source/tasks.o
 .bss.xSuspendedTaskList
                0x0080072d        0x9 Source/tasks.o
 .bss.uxTasksDeleted
                0x00800736        0x1 Source/tasks.o
 .bss.xTasksWaitingTermination
                0x00800737        0x9 Source/tasks.o
 .bss.xPendingReadyList
                0x00800740        0x9 Source/tasks.o
 .bss.pxOverflowDelayedTaskList
                0x00800749        0x2 Source/tasks.o
 .bss.pxDelayedTaskList
                0x0080074b        0x2 Source/tasks.o
 .bss.xDelayedTaskList2
                0x0080074d        0x9 Source/tasks.o
 .bss.xDelayedTaskList1
                0x00800756        0x9 Source/tasks.o
 .bss.pxReadyTasksLists
                0x0080075f       0x24 Source/tasks.o
 .bss.pxCurrentTCB
                0x00800783        0x2 Source/tasks.o
                0x00800783                pxCurrentTCB
 .bss.intFunc   0x00800785        0x4 Source/WInterrupts.o
 *(COMMON)
 COMMON         0x00800789        0x4 Slave node.o
                0x00800789                xQueueLCD
                0x0080078b                xQueuePWM
                0x0080078d                PROVIDE (__bss_end, .)
                0x00001a4a                __data_load_start = LOADADDR (.data)
                0x00001a86                __data_load_end = (__data_load_start + SIZEOF (.data))

.noinit         0x0080078d        0x0
                [!provide]                PROVIDE (__noinit_start, .)
 *(.noinit*)
                [!provide]                PROVIDE (__noinit_end, .)
                0x0080078d                _end = .
                [!provide]                PROVIDE (__heap_start, .)

.eeprom         0x00810000        0x0
 *(.eeprom*)
                0x00810000                __eeprom_end = .

.fuse
 *(.fuse)
 *(.lfuse)
 *(.hfuse)
 *(.efuse)

.lock
 *(.lock*)

.signature
 *(.signature*)

.user_signatures
 *(.user_signatures*)

.stab
 *(.stab)

.stabstr
 *(.stabstr)

.stab.excl
 *(.stab.excl)

.stab.exclstr
 *(.stab.exclstr)

.stab.index
 *(.stab.index)

.stab.indexstr
 *(.stab.indexstr)

.comment        0x00000000       0x30
 *(.comment)
 .comment       0x00000000       0x30 I2C.o
                                 0x31 (size before relaxing)
 .comment       0x00000030       0x31 LCD.o
 .comment       0x00000030       0x31 PWM.o
 .comment       0x00000030       0x31 Slave node.o
 .comment       0x00000030       0x31 Source/list.o
 .comment       0x00000030       0x31 Source/portable/GCC/Atmega328p/port.o
 .comment       0x00000030       0x31 Source/portable/MemMang/heap_2.o
 .comment       0x00000030       0x31 Source/queue.o
 .comment       0x00000030       0x31 Source/tasks.o
 .comment       0x00000030       0x31 Source/WInterrupts.o

.note.gnu.avr.deviceinfo
                0x00000000       0x40
 .note.gnu.avr.deviceinfo
                0x00000000       0x40 C:/Program Files (x86)/Atmel/Studio/7.0/Packs/atmel/ATmega_DFP/1.1.130/gcc/dev/atmega328p/avr5/crtatmega328p.o

.note.gnu.build-id
 *(.note.gnu.build-id)

.debug
 *(.debug)

.line
 *(.line)

.debug_srcinfo
 *(.debug_srcinfo)

.debug_sfnames
 *(.debug_sfnames)

.debug_aranges  0x00000000      0x468
 *(.debug_aranges)
 .debug_aranges
                0x00000000       0x58 I2C.o
 .debug_aranges
                0x00000058       0x48 LCD.o
 .debug_aranges
                0x000000a0       0x50 PWM.o
 .debug_aranges
                0x000000f0       0x38 Slave node.o
 .debug_aranges
                0x00000128       0x40 Source/list.o
 .debug_aranges
                0x00000168       0x48 Source/portable/GCC/Atmega328p/port.o
 .debug_aranges
                0x000001b0       0x38 Source/portable/MemMang/heap_2.o
 .debug_aranges
                0x000001e8       0xd0 Source/queue.o
 .debug_aranges
                0x000002b8      0x178 Source/tasks.o
 .debug_aranges
                0x00000430       0x38 Source/WInterrupts.o

.debug_pubnames
 *(.debug_pubnames)

.debug_info     0x00000000     0x4fc9
 *(.debug_info .gnu.linkonce.wi.*)
 .debug_info    0x00000000      0x5f4 C:/Program Files (x86)/Atmel/Studio/7.0/Packs/atmel/ATmega_DFP/1.1.130/gcc/dev/atmega328p/avr5/crtatmega328p.o
 .debug_info    0x000005f4      0x15a I2C.o
 .debug_info    0x0000074e      0x541 LCD.o
 .debug_info    0x00000c8f      0x193 PWM.o
 .debug_info    0x00000e22      0x593 Slave node.o
 .debug_info    0x000013b5      0x2c6 Source/list.o
 .debug_info    0x0000167b      0x263 Source/portable/GCC/Atmega328p/port.o
 .debug_info    0x000018de      0x33a Source/portable/MemMang/heap_2.o
 .debug_info    0x00001c18     0x134a Source/queue.o
 .debug_info    0x00002f62     0x1f0d Source/tasks.o
 .debug_info    0x00004e6f      0x15a Source/WInterrupts.o

.debug_abbrev   0x00000000     0x1412
 *(.debug_abbrev)
 .debug_abbrev  0x00000000      0x5a2 C:/Program Files (x86)/Atmel/Studio/7.0/Packs/atmel/ATmega_DFP/1.1.130/gcc/dev/atmega328p/avr5/crtatmega328p.o
 .debug_abbrev  0x000005a2       0xa8 I2C.o
 .debug_abbrev  0x0000064a      0x17d LCD.o
 .debug_abbrev  0x000007c7       0xc5 PWM.o
 .debug_abbrev  0x0000088c      0x15b Slave node.o
 .debug_abbrev  0x000009e7       0xf8 Source/list.o
 .debug_abbrev  0x00000adf      0x155 Source/portable/GCC/Atmega328p/port.o
 .debug_abbrev  0x00000c34      0x1ba Source/portable/MemMang/heap_2.o
 .debug_abbrev  0x00000dee      0x235 Source/queue.o
 .debug_abbrev  0x00001023      0x32e Source/tasks.o
 .debug_abbrev  0x00001351       0xc1 Source/WInterrupts.o

.debug_line     0x00000000     0x2ee3
 *(.debug_line .debug_line.* .debug_line_end)
 .debug_line    0x00000000      0x133 C:/Program Files (x86)/Atmel/Studio/7.0/Packs/atmel/ATmega_DFP/1.1.130/gcc/dev/atmega328p/avr5/crtatmega328p.o
 .debug_line    0x00000133      0x1e6 I2C.o
 .debug_line    0x00000319      0x2ae LCD.o
 .debug_line    0x000005c7      0x166 PWM.o
 .debug_line    0x0000072d      0x252 Slave node.o
 .debug_line    0x0000097f      0x208 Source/list.o
 .debug_line    0x00000b87      0x2dd Source/portable/GCC/Atmega328p/port.o
 .debug_line    0x00000e64      0x2ca Source/portable/MemMang/heap_2.o
 .debug_line    0x0000112e      0xaa9 Source/queue.o
 .debug_line    0x00001bd7     0x119b Source/tasks.o
 .debug_line    0x00002d72      0x171 Source/WInterrupts.o

.debug_frame    0x00000000      0xcec
 *(.debug_frame)
 .debug_frame   0x00000000       0x94 I2C.o
 .debug_frame   0x00000094       0x8c LCD.o
 .debug_frame   0x00000120       0x84 PWM.o
 .debug_frame   0x000001a4       0xcc Slave node.o
 .debug_frame   0x00000270       0x88 Source/list.o
 .debug_frame   0x000002f8       0x74 Source/portable/GCC/Atmega328p/port.o
 .debug_frame   0x0000036c       0x7c Source/portable/MemMang/heap_2.o
 .debug_frame   0x000003e8      0x2d8 Source/queue.o
 .debug_frame   0x000006c0      0x548 Source/tasks.o
 .debug_frame   0x00000c08       0xe4 Source/WInterrupts.o

.debug_str      0x00000000     0x183e
 *(.debug_str)
 .debug_str     0x00000000      0x208 C:/Program Files (x86)/Atmel/Studio/7.0/Packs/atmel/ATmega_DFP/1.1.130/gcc/dev/atmega328p/avr5/crtatmega328p.o
 .debug_str     0x00000208      0x193 I2C.o
                                0x1c7 (size before relaxing)
 .debug_str     0x0000039b       0xab LCD.o
                                0x20e (size before relaxing)
 .debug_str     0x00000446       0x87 PWM.o
                                0x1e0 (size before relaxing)
 .debug_str     0x000004cd      0x156 Slave node.o
                                0x2df (size before relaxing)
 .debug_str     0x00000623      0x171 Source/list.o
                                0x2a2 (size before relaxing)
 .debug_str     0x00000794      0x136 Source/portable/GCC/Atmega328p/port.o
                                0x2bd (size before relaxing)
 .debug_str     0x000008ca      0x17e Source/portable/MemMang/heap_2.o
                                0x305 (size before relaxing)
 .debug_str     0x00000a48      0x4cb Source/queue.o
                                0x7d7 (size before relaxing)
 .debug_str     0x00000f13      0x8ae Source/tasks.o
                                0xd92 (size before relaxing)
 .debug_str     0x000017c1       0x7d Source/WInterrupts.o
                                0x1dc (size before relaxing)

.debug_loc      0x00000000     0x4be9
 *(.debug_loc)
 .debug_loc     0x00000000       0x87 I2C.o
 .debug_loc     0x00000087      0x4e5 LCD.o
 .debug_loc     0x0000056c       0x2a PWM.o
 .debug_loc     0x00000596      0x18d Slave node.o
 .debug_loc     0x00000723      0x145 Source/list.o
 .debug_loc     0x00000868      0x2a0 Source/portable/GCC/Atmega328p/port.o
 .debug_loc     0x00000b08      0x2ef Source/portable/MemMang/heap_2.o
 .debug_loc     0x00000df7     0x1a5a Source/queue.o
 .debug_loc     0x00002851     0x2184 Source/tasks.o
 .debug_loc     0x000049d5      0x214 Source/WInterrupts.o

.debug_macinfo
 *(.debug_macinfo)

.debug_weaknames
 *(.debug_weaknames)

.debug_funcnames
 *(.debug_funcnames)

.debug_typenames
 *(.debug_typenames)

.debug_varnames
 *(.debug_varnames)

.debug_pubtypes
 *(.debug_pubtypes)

.debug_ranges   0x00000000      0x458
 *(.debug_ranges)
 .debug_ranges  0x00000000       0x48 I2C.o
 .debug_ranges  0x00000048       0x38 LCD.o
 .debug_ranges  0x00000080       0x40 PWM.o
 .debug_ranges  0x000000c0       0x28 Slave node.o
 .debug_ranges  0x000000e8       0x30 Source/list.o
 .debug_ranges  0x00000118       0x38 Source/portable/GCC/Atmega328p/port.o
 .debug_ranges  0x00000150       0x28 Source/portable/MemMang/heap_2.o
 .debug_ranges  0x00000178       0xc0 Source/queue.o
 .debug_ranges  0x00000238      0x1f8 Source/tasks.o
 .debug_ranges  0x00000430       0x28 Source/WInterrupts.o

.debug_macro
 *(.debug_macro)
OUTPUT(Slave node.elf elf32-avr)
LOAD linker stubs
